ets Jul 29 2019 12:21:46

rst:0x1 (POWERON_RESET),boot:0x13 (SPI_FAST_FLASH_BOOT)
configsip: 0, SPIWP:0xee
clk_drv:0x00,q_drv:0x00,d_drv:0x00,cs0_drv:0x00,hd_drv:0x00,wp_drv:0x00
mode:DIO, clock div:2
load:0x3fff0030,len:7172
load:0x40078000,len:15540
load:0x40080400,len:4
ho 8 tail 4 room 4
load:0x40080404,len:3904
entry 0x40080640
[0;32mI (31) boot: ESP-IDF HEAD-HASH-NOTFOUND 2nd stage bootloader[0m
[0;32mI (31) boot: compile time Jun 10 2024 09:10:29[0m
[0;32mI (32) boot: Multicore bootloader[0m
[0;32mI (36) boot: chip revision: v3.1[0m
[0;32mI (40) boot.esp32: SPI Speed      : 40MHz[0m
[0;32mI (45) boot.esp32: SPI Mode       : DIO[0m
[0;32mI (49) boot.esp32: SPI Flash Size : 2MB[0m
[0;32mI (54) boot: Enabling RNG early entropy source...[0m
[0;32mI (59) boot: Partition Table:[0m
[0;32mI (63) boot: ## Label            Usage          Type ST Offset   Length[0m
[0;32mI (70) boot:  0 nvs              WiFi data        01 02 00009000 00006000[0m
[0;32mI (78) boot:  1 phy_init         RF data          01 01 0000f000 00001000[0m
[0;32mI (85) boot:  2 factory          factory app      00 00 00010000 00145000[0m
[0;32mI (93) boot: End of partition table[0m
[0;32mI (97) esp_image: segment 0: paddr=00010020 vaddr=3f400020 size=2cf34h (184116) map[0m
[0;32mI (168) esp_image: segment 1: paddr=0003cf5c vaddr=3ffb0000 size=030bch ( 12476) load[0m
[0;32mI (173) esp_image: segment 2: paddr=00040020 vaddr=400d0020 size=aca04h (707076) map[0m
[0;32mI (416) esp_image: segment 3: paddr=000eca2c vaddr=3ffb30bc size=00e68h (  3688) load[0m
[0;32mI (418) esp_image: segment 4: paddr=000ed89c vaddr=40080000 size=166a4h ( 91812) load[0m
[0;32mI (469) boot: Loaded app from partition at offset 0x10000[0m
[0;32mI (469) boot: Disabling RNG early entropy source...[0m
[0;32mI (481) cpu_start: Multicore app[0m
[0;32mI (490) cpu_start: Pro cpu start user code[0m
[0;32mI (490) cpu_start: cpu freq: 160000000 Hz[0m
[0;32mI (490) cpu_start: Application information:[0m
[0;32mI (493) cpu_start: Project name:     coap_server[0m
[0;32mI (498) cpu_start: App version:      1[0m
[0;32mI (503) cpu_start: Compile time:     Jun 10 2024 10:33:41[0m
[0;32mI (509) cpu_start: ELF file SHA256:  4576134fb...[0m
[0;32mI (514) cpu_start: ESP-IDF:          HEAD-HASH-NOTFOUND[0m
[0;32mI (520) cpu_start: Min chip rev:     v0.0[0m
[0;32mI (525) cpu_start: Max chip rev:     v3.99 [0m
[0;32mI (530) cpu_start: Chip rev:         v3.1[0m
[0;32mI (535) heap_init: Initializing. RAM available for dynamic allocation:[0m
[0;32mI (542) heap_init: At 3FFAE6E0 len 00001920 (6 KiB): DRAM[0m
[0;32mI (548) heap_init: At 3FFBB8D0 len 00024730 (145 KiB): DRAM[0m
[0;32mI (554) heap_init: At 3FFE0440 len 00003AE0 (14 KiB): D/IRAM[0m
[0;32mI (560) heap_init: At 3FFE4350 len 0001BCB0 (111 KiB): D/IRAM[0m
[0;32mI (567) heap_init: At 400966A4 len 0000995C (38 KiB): IRAM[0m
[0;32mI (574) spi_flash: detected chip: generic[0m
[0;32mI (577) spi_flash: flash io: dio[0m
[0;33mW (581) spi_flash: Detected size(4096k) larger than the size in the binary image header(2048k). Using the size in the binary image header.[0m
[0;32mI (595) main_task: Started on CPU0[0m
[0;32mI (605) main_task: Calling app_main()[0m
[0;32mI (635) example_connect: Start example_connect.[0m
I (645) wifi:wifi driver task: 3ffc359c, prio:23, stack:6656, core=0
I (655) wifi:wifi firmware version: a9f5b59
I (655) wifi:wifi certification version: v7.0
I (665) wifi:config NVS flash: enabled
I (665) wifi:config nano formating: disabled
I (665) wifi:Init data frame dynamic rx buffer num: 32
I (665) wifi:Init static rx mgmt buffer num: 5
I (675) wifi:Init management short buffer num: 32
I (675) wifi:Init dynamic tx buffer num: 32
I (685) wifi:Init static rx buffer size: 1600
I (685) wifi:Init static rx buffer num: 10
I (685) wifi:Init dynamic rx buffer num: 32
[0;32mI (695) wifi_init: rx ba win: 6[0m
[0;32mI (695) wifi_init: tcpip mbox: 32[0m
[0;32mI (705) wifi_init: udp mbox: 6[0m
[0;32mI (705) wifi_init: tcp mbox: 6[0m
[0;32mI (705) wifi_init: tcp tx win: 5760[0m
[0;32mI (715) wifi_init: tcp rx win: 5760[0m
[0;32mI (715) wifi_init: tcp mss: 1440[0m
[0;32mI (725) wifi_init: WiFi IRAM OP enabled[0m
[0;32mI (725) wifi_init: WiFi RX IRAM OP enabled[0m
[0;32mI (735) phy_init: phy_version 4791,2c4672b,Dec 20 2023,16:06:06[0m
I (825) wifi:mode : sta (48:e7:29:af:75:dc)
I (825) wifi:enable tsf
[0;32mI (835) example_connect: Connecting to P301...[0m
[0;32mI (835) example_connect: Waiting for IP(s)[0m
I (3245) wifi:new:<11,0>, old:<1,0>, ap:<255,255>, sta:<11,0>, prof:1
I (3245) wifi:state: init -> auth (b0)
I (4805) wifi:state: auth -> assoc (0)
I (4815) wifi:Association refused temporarily, comeback time 2000 (TUs)
I (6865) wifi:state: assoc -> assoc (0)
I (6875) wifi:state: assoc -> run (10)
I (6895) wifi:connected with P301, aid = 3, channel 11, BW20, bssid = fc:b2:df:25:e2:80
I (6895) wifi:security: WPA3-SAE, phy: bgn, rssi: -54
I (6895) wifi:pm start, type: 1

I (7025) wifi:AP's beacon interval = 204800 us, DTIM period = 1
[0;32mI (7895) esp_netif_handlers: example_netif_sta ip: 192.168.1.77, mask: 255.255.255.0, gw: 192.168.1.1[0m
[0;32mI (7895) example_connect: Got IPv4 event: Interface "example_netif_sta" address: 192.168.1.77[0m
[0;32mI (8635) example_connect: Got IPv6 event: Interface "example_netif_sta" address: fe80:0000:0000:0000:4ae7:29ff:feaf:75dc, type: ESP_IP6_ADDR_IS_LINK_LOCAL[0m
[0;32mI (8635) example_common: Connected to example_netif_sta[0m
[0;32mI (8645) example_common: - IPv4 address: 192.168.1.77,[0m
[0;32mI (8645) example_common: - IPv6 address: fe80:0000:0000:0000:4ae7:29ff:feaf:75dc, type: ESP_IP6_ADDR_IS_LINK_LOCAL[0m
[0;32mI (8665) CoAP_server: created UDP  endpoint [::]:5683[0m
[0;32mI (8665) CoAP_server: created DTLS endpoint [::]:5684[0m
[0;32mI (8675) main_task: Returned from app_main()[0m
[0;32mI (8675) CoAP_server: created TCP  endpoint [::]:5683[0m
[0;32mI (8685) CoAP_server: created TLS  endpoint [::]:5684[0m
I (9645) wifi:<ba-add>idx:0 (ifx:0, fc:b2:df:25:e2:80), tid:0, ssn:0, winSize:64
I (11745) wifi:<ba-add>idx:1 (ifx:0, fc:b2:df:25:e2:80), tid:6, ssn:0, winSize:64
[0;32mI (38165) CoAP_server: ***[::FFFF:192.168.1.77]:5683 <-> [::FFFF:192.168.1.205]:58363 (if2) UDP : session 0x3ffbcc84: new incoming session[0m
[0;32mI (38165) CoAP_server: ***EVENT: COAP_EVENT_SERVER_SESSION_NEW[0m
[0;32mI (38175) CoAP_server: *  [::FFFF:192.168.1.77]:5683 <-> [::FFFF:192.168.1.205]:58363 (if2) UDP : netif: recv   23 bytes[0m
v:1 t:CON c:GET i:d294 {} [ Uri-Path:.well-known, Uri-Path:core, Block2:0/_/64 ]
[0;32mI (38195) CoAP_server: call custom handler for resource '.well-known/core' (3)[0m
[0;32mI (38205) CoAP_server: *  [::FFFF:192.168.1.77]:5683 <-> [::FFFF:192.168.1.205]:58363 (if2) UDP : netif: sent   25 bytes[0m
v:1 t:ACK c:2.05 i:d294 {} [ Content-Format:application/link-format, Block2:0/_/64 ] :: '</Espressif>;obs'
[0;32mI (54955) CoAP_server: *  [::FFFF:192.168.1.77]:5683 <-> [::FFFF:192.168.1.205]:58363 (if2) UDP : netif: recv   12 bytes[0m
v:1 t:CON c:PUT i:d295 {} [ Content-Format:text/plain, Block2:0/_/64 ] :: 'Hi\n'
[0;32mI (54965) CoAP_server: request for unknown resource '', return 4.04[0m
[0;32mI (54975) CoAP_server: *  [::FFFF:192.168.1.77]:5683 <-> [::FFFF:192.168.1.205]:58363 (if2) UDP : netif: sent   14 bytes[0m
v:1 t:ACK c:4.04 i:d295 {} [ ] :: 'Not Found'
[0;32mI (61105) CoAP_server: *  [::FFFF:192.168.1.77]:5683 <-> [::FFFF:192.168.1.205]:58363 (if2) UDP : netif: recv   12 bytes[0m
v:1 t:CON c:PUT i:d296 {} [ Content-Format:text/plain, Block2:0/_/64 ] :: 'Hi\n'
[0;32mI (61105) CoAP_server: request for unknown resource '', return 4.04[0m
[0;32mI (61115) CoAP_server: *  [::FFFF:192.168.1.77]:5683 <-> [::FFFF:192.168.1.205]:58363 (if2) UDP : netif: sent   14 bytes[0m
v:1 t:ACK c:4.04 i:d296 {} [ ] :: 'Not Found'
[0;32mI (63145) CoAP_server: *  [::FFFF:192.168.1.77]:5683 <-> [::FFFF:192.168.1.205]:58363 (if2) UDP : netif: recv   12 bytes[0m
v:1 t:CON c:PUT i:d297 {} [ Content-Format:text/plain, Block2:0/_/64 ] :: 'Hi\n'
[0;32mI (63155) CoAP_server: request for unknown resource '', return 4.04[0m
[0;32mI (63165) CoAP_server: *  [::FFFF:192.168.1.77]:5683 <-> [::FFFF:192.168.1.205]:58363 (if2) UDP : netif: sent   14 bytes[0m
v:1 t:ACK c:4.04 i:d297 {} [ ] :: 'Not Found'
[0;32mI (84245) CoAP_server: *  [::FFFF:192.168.1.77]:5683 <-> [::FFFF:192.168.1.205]:58363 (if2) UDP : netif: recv   12 bytes[0m
v:1 t:CON c:PUT i:d298 {} [ Content-Format:text/plain, Block2:0/_/64 ] :: 'Hi\n'
[0;32mI (84255) CoAP_server: request for unknown resource '', return 4.04[0m
[0;32mI (84265) CoAP_server: *  [::FFFF:192.168.1.77]:5683 <-> [::FFFF:192.168.1.205]:58363 (if2) UDP : netif: sent   14 bytes[0m
v:1 t:ACK c:4.04 i:d298 {} [ ] :: 'Not Found'
[0;32mI (87925) CoAP_server: *  [::FFFF:192.168.1.77]:5683 <-> [::FFFF:192.168.1.205]:58363 (if2) UDP : netif: recv   12 bytes[0m
v:1 t:CON c:PUT i:d299 {} [ Content-Format:text/plain, Block2:0/_/64 ] :: 'Hi\n'
[0;32mI (87935) CoAP_server: request for unknown resource '', return 4.04[0m
[0;32mI (87945) CoAP_server: *  [::FFFF:192.168.1.77]:5683 <-> [::FFFF:192.168.1.205]:58363 (if2) UDP : netif: sent   14 bytes[0m
v:1 t:ACK c:4.04 i:d299 {} [ ] :: 'Not Found'
[0;32mI (97765) CoAP_server: *  [::FFFF:192.168.1.77]:5683 <-> [::FFFF:192.168.1.205]:58363 (if2) UDP : netif: recv   21 bytes[0m
v:1 t:CON c:PUT i:d29a {} [ Content-Format:text/plain, Block2:0/_/64 ] :: 'Hello World\n'
[0;32mI (97775) CoAP_server: request for unknown resource '', return 4.04[0m
[0;32mI (97785) CoAP_server: *  [::FFFF:192.168.1.77]:5683 <-> [::FFFF:192.168.1.205]:58363 (if2) UDP : netif: sent   14 bytes[0m
v:1 t:ACK c:4.04 i:d29a {} [ ] :: 'Not Found'
[0;32mI (100625) CoAP_server: *  [::FFFF:192.168.1.77]:5683 <-> [::FFFF:192.168.1.205]:58363 (if2) UDP : netif: recv   21 bytes[0m
v:1 t:CON c:PUT i:d29b {} [ Content-Format:text/plain, Block2:0/_/64 ] :: 'Hello World\n'
[0;32mI (100635) CoAP_server: request for unknown resource '', return 4.04[0m
[0;32mI (100645) CoAP_server: *  [::FFFF:192.168.1.77]:5683 <-> [::FFFF:192.168.1.205]:58363 (if2) UDP : netif: sent   14 bytes[0m
v:1 t:ACK c:4.04 i:d29b {} [ ] :: 'Not Found'
[0;32mI (102475) CoAP_server: *  [::FFFF:192.168.1.77]:5683 <-> [::FFFF:192.168.1.205]:58363 (if2) UDP : netif: recv   21 bytes[0m
v:1 t:CON c:PUT i:d29c {} [ Content-Format:text/plain, Block2:0/_/64 ] :: 'Hello World\n'
[0;32mI (102475) CoAP_server: request for unknown resource '', return 4.04[0m
[0;32mI (102485) CoAP_server: *  [::FFFF:192.168.1.77]:5683 <-> [::FFFF:192.168.1.205]:58363 (if2) UDP : netif: sent   14 bytes[0m
v:1 t:ACK c:4.04 i:d29c {} [ ] :: 'Not Found'
[0;32mI (108205) CoAP_server: *  [::FFFF:192.168.1.77]:5683 <-> [::FFFF:192.168.1.205]:58363 (if2) UDP : netif: recv   21 bytes[0m
v:1 t:CON c:PUT i:d29d {} [ Content-Format:text/plain, Block2:0/_/64 ] :: 'Hello World\n'
[0;32mI (108215) CoAP_server: request for unknown resource '', return 4.04[0m
[0;32mI (108225) CoAP_server: *  [::FFFF:192.168.1.77]:5683 <-> [::FFFF:192.168.1.205]:58363 (if2) UDP : netif: sent   14 bytes[0m
v:1 t:ACK c:4.04 i:d29d {} [ ] :: 'Not Found'
[0;32mI (119875) CoAP_server: *  [::FFFF:192.168.1.77]:5683 <-> [::FFFF:192.168.1.205]:58363 (if2) UDP : netif: recv   21 bytes[0m
v:1 t:CON c:PUT i:d29e {} [ Content-Format:text/plain, Block2:0/_/64 ] :: 'Hello World\n'
[0;32mI (119885) CoAP_server: request for unknown resource '', return 4.04[0m
[0;32mI (119895) CoAP_server: *  [::FFFF:192.168.1.77]:5683 <-> [::FFFF:192.168.1.205]:58363 (if2) UDP : netif: sent   14 bytes[0m
v:1 t:ACK c:4.04 i:d29e {} [ ] :: 'Not Found'
[0;32mI (131555) CoAP_server: *  [::FFFF:192.168.1.77]:5683 <-> [::FFFF:192.168.1.205]:58363 (if2) UDP : netif: recv   21 bytes[0m
v:1 t:CON c:PUT i:d29f {} [ Content-Format:text/plain, Block2:0/_/64 ] :: 'Hello World\n'
[0;32mI (131565) CoAP_server: request for unknown resource '', return 4.04[0m
[0;32mI (131575) CoAP_server: *  [::FFFF:192.168.1.77]:5683 <-> [::FFFF:192.168.1.205]:58363 (if2) UDP : netif: sent   14 bytes[0m
v:1 t:ACK c:4.04 i:d29f {} [ ] :: 'Not Found'
[0;32mI (318955) CoAP_server: ***[::FFFF:192.168.1.77]:5683 <-> [::FFFF:192.168.1.205]:61679 (if2) UDP : session 0x3ffbcfdc: new incoming session[0m
[0;32mI (318955) CoAP_server: ***EVENT: COAP_EVENT_SERVER_SESSION_NEW[0m
[0;32mI (318965) CoAP_server: *  [::FFFF:192.168.1.77]:5683 <-> [::FFFF:192.168.1.205]:61679 (if2) UDP : netif: recv   11 bytes[0m
v:1 t:CON c:GET i:9615 {bc1c} [ Uri-Path:time ]
[0;32mI (318975) CoAP_server: request for unknown resource 'time', return 4.04[0m
[0;32mI (318985) CoAP_server: *  [::FFFF:192.168.1.77]:5683 <-> [::FFFF:192.168.1.205]:61679 (if2) UDP : netif: sent   16 bytes[0m
v:1 t:ACK c:4.04 i:9615 {bc1c} [ ] :: 'Not Found'
[0;32mI (322225) CoAP_server: ***[::FFFF:192.168.1.77]:5683 <-> [::FFFF:192.168.1.205]:62373 (if2) UDP : session 0x3ffbd1b0: new incoming session[0m
[0;32mI (322225) CoAP_server: ***EVENT: COAP_EVENT_SERVER_SESSION_NEW[0m
[0;32mI (322235) CoAP_server: *  [::FFFF:192.168.1.77]:5683 <-> [::FFFF:192.168.1.205]:62373 (if2) UDP : netif: recv   11 bytes[0m
v:1 t:CON c:GET i:3acc {9c50} [ Uri-Path:time ]
[0;32mI (322245) CoAP_server: request for unknown resource 'time', return 4.04[0m
[0;32mI (322255) CoAP_server: *  [::FFFF:192.168.1.77]:5683 <-> [::FFFF:192.168.1.205]:62373 (if2) UDP : netif: sent   16 bytes[0m
v:1 t:ACK c:4.04 i:3acc {9c50} [ ] :: 'Not Found'
[0;32mI (339225) CoAP_server: ***[::FFFF:192.168.1.77]:5683 <-> [::FFFF:192.168.1.205]:49692 (if2) UDP : session 0x3ffbd384: new incoming session[0m
[0;32mI (339225) CoAP_server: ***EVENT: COAP_EVENT_SERVER_SESSION_NEW[0m
[0;32mI (339235) CoAP_server: *  [::FFFF:192.168.1.77]:5683 <-> [::FFFF:192.168.1.205]:49692 (if2) UDP : netif: recv   11 bytes[0m
v:1 t:CON c:GET i:20c1 {571b} [ Uri-Path:time ]
[0;32mI (339245) CoAP_server: request for unknown resource 'time', return 4.04[0m
[0;32mI (339255) CoAP_server: *  [::FFFF:192.168.1.77]:5683 <-> [::FFFF:192.168.1.205]:49692 (if2) UDP : netif: sent   16 bytes[0m
v:1 t:ACK c:4.04 i:20c1 {571b} [ ] :: 'Not Found'
[0;32mI (431585) CoAP_server: ***EVENT: COAP_EVENT_SERVER_SESSION_DEL[0m
[0;32mI (431585) CoAP_server: ***[::FFFF:192.168.1.77]:5683 <-> [::FFFF:192.168.1.205]:58363 (if2) UDP : session 0x3ffbcc84: closed[0m
[0;32mI (619005) CoAP_server: ***EVENT: COAP_EVENT_SERVER_SESSION_DEL[0m
[0;32mI (619005) CoAP_server: ***[::FFFF:192.168.1.77]:5683 <-> [::FFFF:192.168.1.205]:61679 (if2) UDP : session 0x3ffbcfdc: closed[0m
[0;32mI (622275) CoAP_server: ***EVENT: COAP_EVENT_SERVER_SESSION_DEL[0m
[0;32mI (622275) CoAP_server: ***[::FFFF:192.168.1.77]:5683 <-> [::FFFF:192.168.1.205]:62373 (if2) UDP : session 0x3ffbd1b0: closed[0m
[0;32mI (639275) CoAP_server: ***EVENT: COAP_EVENT_SERVER_SESSION_DEL[0m
[0;32mI (639275) CoAP_server: ***[::FFFF:192.168.1.77]:5683 <-> [::FFFF:192.168.1.205]:49692 (if2) UDP : session 0x3ffbd384: closed[0m
ets Jul 29 2019 12:21:46

rst:0x1 (POWERON_RESET),boot:0x13 (SPI_FAST_FLASH_BOOT)
configsip: 0, SPIWP:0xee
clk_drv:0x00,q_drv:0x00,d_drv:0x00,cs0_drv:0x00,hd_drv:0x00,wp_drv:0x00
mode:DIO, clock div:2
load:0x3fff0030,len:7172
load:0x40078000,len:15540
load:0x40080400,len:4
ho 8 tail 4 room 4
load:0x40080404,len:3904
entry 0x40080640
[0;32mI (31) boot: ESP-IDF HEAD-HASH-NOTFOUND 2nd stage bootloader[0m
[0;32mI (31) boot: compile time Jun 10 2024 09:10:29[0m
[0;32mI (32) boot: Multicore bootloader[0m
[0;32mI (36) boot: chip revision: v3.1[0m
[0;32mI (40) boot.esp32: SPI Speed      : 40MHz[0m
[0;32mI (45) boot.esp32: SPI Mode       : DIO[0m
[0;32mI (49) boot.esp32: SPI Flash Size : 2MB[0m
[0;32mI (54) boot: Enabling RNG early entropy source...[0m
[0;32mI (59) boot: Partition Table:[0m
[0;32mI (63) boot: ## Label            Usage          Type ST Offset   Length[0m
[0;32mI (70) boot:  0 nvs              WiFi data        01 02 00009000 00006000[0m
[0;32mI (78) boot:  1 phy_init         RF data          01 01 0000f000 00001000[0m
[0;32mI (85) boot:  2 factory          factory app      00 00 00010000 00145000[0m
[0;32mI (93) boot: End of partition table[0m
[0;32mI (97) esp_image: segment 0: paddr=00010020 vaddr=3f400020 size=2cf34h (184116) map[0m
[0;32mI (168) esp_image: segment 1: paddr=0003cf5c vaddr=3ffb0000 size=030bch ( 12476) load[0m
[0;32mI (173) esp_image: segment 2: paddr=00040020 vaddr=400d0020 size=aca04h (707076) map[0m
[0;32mI (416) esp_image: segment 3: paddr=000eca2c vaddr=3ffb30bc size=00e68h (  3688) load[0m
[0;32mI (418) esp_image: segment 4: paddr=000ed89c vaddr=40080000 size=166a4h ( 91812) load[0m
[0;32mI (469) boot: Loaded app from partition at offset 0x10000[0m
[0;32mI (469) boot: Disabling RNG early entropy source...[0m
[0;32mI (481) cpu_start: Multicore app[0m
[0;32mI (490) cpu_start: Pro cpu start user code[0m
[0;32mI (490) cpu_start: cpu freq: 160000000 Hz[0m
[0;32mI (490) cpu_start: Application information:[0m
[0;32mI (493) cpu_start: Project name:     coap_server[0m
[0;32mI (498) cpu_start: App version:      1[0m
[0;32mI (503) cpu_start: Compile time:     Jun 10 2024 10:33:41[0m
[0;32mI (509) cpu_start: ELF file SHA256:  4576134fb...[0m
[0;32mI (514) cpu_start: ESP-IDF:          HEAD-HASH-NOTFOUND[0m
[0;32mI (520) cpu_start: Min chip rev:     v0.0[0m
[0;32mI (525) cpu_start: Max chip rev:     v3.99 [0m
[0;32mI (530) cpu_start: Chip rev:         v3.1[0m
[0;32mI (535) heap_init: Initializing. RAM available for dynamic allocation:[0m
[0;32mI (542) heap_init: At 3FFAE6E0 len 00001920 (6 KiB): DRAM[0m
[0;32mI (548) heap_init: At 3FFBB8D0 len 00024730 (145 KiB): DRAM[0m
[0;32mI (554) heap_init: At 3FFE0440 len 00003AE0 (14 KiB): D/IRAM[0m
[0;32mI (560) heap_init: At 3FFE4350 len 0001BCB0 (111 KiB): D/IRAM[0m
[0;32mI (567) heap_init: At 400966A4 len 0000995C (38 KiB): IRAM[0m
[0;32mI (574) spi_flash: detected chip: generic[0m
[0;32mI (577) spi_flash: flash io: dio[0m
[0;33mW (581) spi_flash: Detected size(4096k) larger than the size in the binary image header(2048k). Using the size in the binary image header.[0m
[0;32mI (595) main_task: Started on CPU0[0m
[0;32mI (605) main_task: Calling app_main()[0m
[0;32mI (635) example_connect: Start example_connect.[0m
I (645) wifi:wifi driver task: 3ffc359c, prio:23, stack:6656, core=0
I (655) wifi:wifi firmware version: a9f5b59
I (655) wifi:wifi certification version: v7.0
I (665) wifi:config NVS flash: enabled
I (665) wifi:config nano formating: disabled
I (665) wifi:Init data frame dynamic rx buffer num: 32
I (665) wifi:Init static rx mgmt buffer num: 5
I (675) wifi:Init management short buffer num: 32
I (675) wifi:Init dynamic tx buffer num: 32
I (685) wifi:Init static rx buffer size: 1600
I (685) wifi:Init static rx buffer num: 10
I (685) wifi:Init dynamic rx buffer num: 32
[0;32mI (695) wifi_init: rx ba win: 6[0m
[0;32mI (695) wifi_init: tcpip mbox: 32[0m
[0;32mI (705) wifi_init: udp mbox: 6[0m
[0;32mI (705) wifi_init: tcp mbox: 6[0m
[0;32mI (705) wifi_init: tcp tx win: 5760[0m
[0;32mI (715) wifi_init: tcp rx win: 5760[0m
[0;32mI (715) wifi_init: tcp mss: 1440[0m
[0;32mI (725) wifi_init: WiFi IRAM OP enabled[0m
[0;32mI (725) wifi_init: WiFi RX IRAM OP enabled[0m
[0;32mI (735) phy_init: phy_version 4791,2c4672b,Dec 20 2023,16:06:06[0m
I (825) wifi:mode : sta (48:e7:29:af:75:dc)
I (825) wifi:enable tsf
[0;32mI (825) example_connect: Connecting to P301...[0m
[0;32mI (835) example_connect: Waiting for IP(s)[0m
ets Jul 29 2019 12:21:46

rst:0x1 (POWERON_RESET),boot:0x13 (SPI_FAST_FLASH_BOOT)
configsip: 0, SPIWP:0xee
clk_drv:0x00,q_drv:0x00,d_drv:0x00,cs0_drv:0x00,hd_drv:0x00,wp_drv:0x00
mode:DIO, clock div:2
load:0x3fff0030,len:7172
load:0x40078000,len:15540
load:0x40080400,len:4
ho 8 tail 4 room 4
load:0x40080404,len:3904
entry 0x40080640
[0;32mI (31) boot: ESP-IDF HEAD-HASH-NOTFOUND 2nd stage bootloader[0m
[0;32mI (31) boot: compile time Jun 10 2024 09:10:29[0m
[0;32mI (32) boot: Multicore bootloader[0m
[0;32mI (36) boot: chip revision: v3.1[0m
[0;32mI (40) boot.esp32: SPI Speed      : 40MHz[0m
[0;32mI (45) boot.esp32: SPI Mode       : DIO[0m
[0;32mI (49) boot.esp32: SPI Flash Size : 2MB[0m
[0;32mI (54) boot: Enabling RNG early entropy source...[0m
[0;32mI (59)ï¿½ets Jul 29 2019 12:21:46

rst:0x1 (POWERON_RESET),boot:0x13 (SPI_FAST_FLASH_BOOT)
configsip: 0, SPIWP:0xee
clk_drv:0x00,q_drv:0x00,d_drv:0x00,cs0_drv:0x00,hd_drv:0x00,wp_drv:0x00
mode:DIO, clock div:2
load:0x3fff0030,len:7172
load:0x40078000,len:15540
load:0x40080400,len:4
ho 8 tail 4 room 4
load:0x40080404,len:3904
entry 0x40080640
[0;32mI (31) boot: ESP-IDF HEAD-HASH-NOTFOUND 2nd stage bootloader[0m
[0;32mI (31) boot: compile time Jun 10 2024 09:10:29[0m
[0;32mI (32) boot: Multicore bootloader[0m
[0;32mI (36) boot: chip revision: v3.1[0m
[0;32mI (40) boot.esp32: SPI Speed      : 40MHz[0m
[0;32mI (45) boot.esp32: SPI Mode       : DIO[0m
[0;32mI (49) boot.esp32: SPI Flash Size : 2MB[0m
[0;32mI (54) boot: Enabling RNG early entropy source...[0m
[0;32mI (59) boot: Partition Table:[0m
[0;32mI (63) boot: ## Label            Usage          Type ST Offset   Length[0m
[0;32mI (70) boot:  0 nvs              WiFi data        01 02 00009000 00006000[0m
[0;32mI (78) boot:  1 phy_init         RF data          01 01 0000f000 00001000[0m
[0;32mI (85) boot:  2 factory          factory app      00 00 00010000 00145000[0m
[0;32mI (93) boot: End of partition table[0m
[0;32mI (97) esp_image: segment 0: paddr=00010020 vaddr=3f400020 size=2cf34h (184116) map[0m
ets Jul 29 2019 12:21:46

rst:0x1 (POWERON_RESET),boot:0x13 (SPI_FAST_FLASH_BOOT)
configsip: 0, SPIWP:0xee
clk_drv:0x00,q_drv:0x00,d_drv:0x00,cs0_drv:0x00,hd_drv:0x00,wp_drv:0x00
mode:DIO, clock div:2
load:0x3fff0030,len:7172
load:0x40078000,len:15540
load:0x40080400,len:4
ho 8 tail 4 room 4
load:0x40080404,len:3904
entry 0x40080640
[0;32mI (31) boot: ESP-IDF HEAD-HASH-NOTFOUND 2nd stage bootloader[0m
[0;32mI (31) boot: compile time Jun 10 2024 09:10:29[0m
[0;32mI (32) boot: Multicore bootloader[0m
[0;32mI (36) boot: chip revision: v3.1[0m
[0;32mI (40) boot.esp32: SPI Speed      : 40MHz[0m
[0;32mI (45) boot.esp32: SPI Mode       : DIO[0m
[0;32mI (49) boot.esp32: SPI Flash Size : 2MB[0m
[0;32mI (54) boot: Enabling RNG early entropy source...[0m
[0;32mI (59) boot: Partition Table:[0m
[0;32mI (63) boot: ## Label            Usage          Type ST Offset   Length[0m
ï¿½ets Jul 29 2019 12:21:46

rst:0x1 (POWERON_RESET),boot:0x13 (SPI_FAST_FLASH_BOOT)
configsip: 0, SPIWP:0xee
clk_drv:0x00,q_drv:0x00,d_drv:0x00,cs0_drv:0x00,hd_drv:0x00,wp_drv:0x00
mode:DIO, clock div:2
load:0x3fff0030,len:7172
load:0x40078000,len:15540
load:0x40080400,len:4
ho 8 tail 4 room 4
load:0x40080404,len:3904
entry 0x40080640
ets Jul 29 2019 12:21:46

rst:0x1 (POWERON_RESET),boot:0x13 (SPI_FAST_FLASH_BOOT)
configsip: 0, SPIWP:0xee
clk_drv:0x00,q_drv:0x00,d_drv:0x00,cs0_drv:0x00,hd_drv:0x00,wp_drv:0x00
mode:DIO, clock div:2
load:0x3fff0030,len:7172
load:0x40078000,len:15540
load:0x40080400,len:4
ho 8 tail 4 room 4
load:0x40080404,len:3904
entry 0x40080640
ets Jul 29 2019 12:21:46

rst:0x1 (POWERON_RESET),boot:0x13 (SPI_FAST_FLASH_BOOT)
configsip: 0, SPIWP:0xee
clk_drv:0x00,q_drv:0x00,d_drv:0x00,cs0_drv:0x00,hd_drv:0x00,wp_drv:0x00
mode:DIO, clock div:2
load:0x3fff0030,len:7172
load:0x40078000,len:15540
load:0x40080400,len:4
ho 8 tail 4 room 4
load:0x40080404,len:3904
entry 0x40080640
ets Jul 29 2019 12:21:46

rst:0x1 (POWERON_RESET),boot:0x13 (SPI_FAST_FLASH_BOOT)
configsip: 0, SPIWP:0xee
clk_drv:0x00,q_drv:0x00,d_drv:0x00,cs0_drv:0x00,hd_drv:0x00,wp_drv:0x00
mode:DIO, clock div:2
load:0x3fff0030,len:7172
load:0x40078000,len:15540
load:0x40080400,len:4
ho 8 tail 4 room 4
load:0x40080404,len:3904
entry 0x40080640
ets Jul 29 2019 12:21:46

rst:0x1 (POWERON_RESET),boot:0x13 (SPI_FAST_FLASH_BOOT)
configsip: 0, SPIWP:0xee
clk_drv:0x00,q_drv:0x00,d_drv:0x00,cs0_drv:0x00,hd_drv:0x00,wp_drv:0x00
mode:DIO, clock div:2
load:0x3fff0030,len:7172
load:0x40078000,len:15540
load:0x40080400,len:4
ho 8 tail 4 room 4
load:0x40080404,len:3904
entry 0x40080640
ets Jul 29 2019 12:21:46

rst:0x1 (POWERON_RESET),boot:0x13 (SPI_FAST_FLASH_BOOT)
configsip: 0, SPIWP:0xee
clk_drv:0x00,q_drv:0x00,d_drv:0x00,cs0_drv:0x00,hd_drv:0x00,wp_drv:0x00
mode:DIO, clock div:2
load:0x3fff0030,len:7172
load:0x40078000,len:15540
load:0x40080400,len:4
ho 8 tail 4 room 4
load:0x40080404,len:3904
entry 0x40080640
ets Jul 29 2019 12:21:46

rst:0x1 (POWERON_RESET),boot:0x13 (SPI_FAST_FLASH_BOOT)
configsip: 0, SPIWP:0xee
clk_drv:0x00,q_drv:0x00,d_drv:0x00,cs0_drv:0x00,hd_drv:0x00,wp_drv:0x00
mode:DIO, clock div:2
load:0x3fff0030,len:7172
load:0x40078000,len:15540
load:0x40080400,len:4
ho 8 tail 4 room 4
load:0x40080404,len:3904
entry 0x40080640
ets Jul 29 2019 12:21:46

rst:0x1 (POWERON_RESET),boot:0x13 (SPI_FAST_FLASH_BOOT)
configsip: 0, SPIWP:0xee
clk_drv:0x00,q_drv:0x00,d_drv:0x00,cs0_drv:0x00,hd_drv:0x00,wp_drv:0x00
mode:DIO, clock div:2
load:0x3fff0030,len:7172
load:0x40078000,len:15540
load:0x40080400,len:4
ho 8 tail 4 room 4
load:0x40080404,len:3904
entry 0x40080640
ets Jul 29 2019 12:21:46

rst:0x1 (POWERON_RESET),boot:0x13 (SPI_FAST_FLASH_BOOT)
configsip: 0, SPIWP:0xee
clk_drv:0x00,q_drv:0x00,d_drv:0x00,cs0_drv:0x00,hd_drv:0x00,wp_drv:0x00
mode:DIO, clock div:2
load:0x3fff0030,len:7172
load:0x40078000,len:15540
load:0x40080400,len:4
ho 8 tail 4 room 4
load:0x40080404,len:3904
entry 0x40080640
ets Jul 29 2019 12:21:46

rst:0x1 (POWERON_RESET),boot:0x13 (SPI_FAST_FLASH_BOOT)
configsip: 0, SPIWP:0xee
clk_drv:0x00,q_drv:0x00,d_drv:0x00,cs0_drv:0x00,hd_drv:0x00,wp_drv:0x00
mode:DIO, clock div:2
load:0x3fff0030,len:7172
load:0x40078000,len:15540
load:0x40080400,len:4
ho 8 tail 4 room 4
load:0x40080404,len:3904
entry 0x40080640
[0;32mI (31) boot: ESP-IDF HEAD-HASH-NOTFOUND 2nd stage bootloader[0m
[0;32mI (31) boot: compile time Jun 10 2024 09:10:29[0m
[0;32mI (32) boot: Multicore bootloader[0m
[0;32mI (36) boot: chip revision: v3.1[0m
[0;32mI (40) boot.esp32: SPI Speed      : 40MHz[0m
[0;32mI (45) boot.esp32: SPI Mode       : DIO[0m
[0;32mI (49) boot.esp32: SPI Flash Size : 2MB[0m
[0;32mI (54) boot: Enabling RNG early entropy source...[0m
[0;32mI (59) boot: Partition Table:[0m
[0;32mI (63) boot: ## Label            Usage          Type ST Offset   Length[0m
[0;32mI (70) boot:  0 nvs              WiFi data        01 02 00009000 00006000[0m
[0;32mI (78) boot:  1 phy_init         RF data          01 01 0000f000 00001000[0m
[0;32mI (85) boot:  2 factory          factory app      00 00 00010000 00145000[0m
[0;32mI (93) boot: End of partition table[0m
[0;32mI (97) esp_image: segment 0: paddr=00010020 vaddr=3f400020 size=2cf34h (184116) map[0m
[0;32mI (168) esp_image: segment 1: paddr=0003cf5c vaddr=3ffb0000 size=030bch ( 12476) load[0m
[0;32mI (173) esp_image: segment 2: paddr=00040020 vaddr=400d0020 size=aca04h (707076) map[0m
[0;32mI (416) esp_image: segment 3: paddr=000eca2c vaddr=3ffb30bc size=00e68h (  3688) load[0m
[0;32mI (418) esp_image: segment 4: paddr=000ed89c vaddr=40080000 size=166a4h ( 91812) load[0m
[0;32mI (469) boot: Loaded app from partition at offset 0x10000[0m
[0;32mI (469) boot: Disabling RNG early entropy source...[0m
[0;32mI (481) cpu_start: Multicore app[0m
[0;32mI (490) cpu_start: Pro cpu start user code[0m
[0;32mI (490) cpu_start: cpu freq: 160000000 Hz[0m
[0;32mI (490) cpu_start: Application information:[0m
[0;32mI (493) cpu_start: Project name:     coap_server[0m
[0;32mI (498) cpu_start: App version:      1[0m
[0;32mI (503) cpu_start: Compile time:     Jun 10 2024 10:33:41[0m
[0;32mI (509) cpu_start: ELF file SHA256:  4576134fb...[0m
[0;32mI (514) cpu_start: ESP-IDF:          HEAD-HASH-NOTFOUND[0m
[0;32mI (520) cpu_start: Min chip rev:     v0.0[0m
[0;32mI (525) cpu_start: Max chip rev:     v3.99 [0m
[0;32mI (530) cpu_start: Chip rev:         v3.1[0m
[0;32mI (535) heap_init: Initializing. RAM available for dynamic allocation:[0m
[0;32mI (542) heap_init: At 3FFAE6E0 len 00001920 (6 KiB): DRAM[0m
[0;32mI (548) heap_init: At 3FFBB8D0 len 00024730 (145 KiB): DRAM[0m
[0;32mI (554) heap_init: At 3FFE0440 len 00003AE0 (14 KiB): D/IRAM[0m
[0;32mI (560) heap_init: At 3FFE4350 len 0001BCB0 (111 KiB): D/IRAM[0m
[0;32mI (567) heap_init: At 400966A4 len 0000995C (38 KiB): IRAM[0m
[0;32mI (574) spi_flash: detected chip: generic[0m
[0;32mI (577) spi_flash: flash io: dio[0m
[0;33mW (581) spi_flash: Detected size(4096k) larger than the size in the binary image header(2048k). Using the size in the binary image header.[0m
[0;32mI (595) main_task: Started on CPU0[0m
[0;32mI (605) main_task: Calling app_main()[0m
[0;32mI (635) example_connect: Start example_connect.[0m
I (645) wifi:wifi driver task: 3ffc359c, prio:23, stack:6656, core=0
I (655) wifi:wifi firmware version: a9f5b59
I (655) wifi:wifi certification version: v7.0
I (665) wifi:config NVS flash: enabled
I (665) wifi:config nano formating: disabled
I (665) wifi:Init data frame dynamic rx buffer num: 32
I (665) wifi:Init static rx mgmt buffer num: 5
I (675) wifi:Init management short buffer num: 32
I (675) wifi:Init dynamic tx buffer num: 32
I (685) wifi:Init static rx buffer size: 1600
I (685) wifi:Init static rx buffer num: 10
I (685) wifi:Init dynamic rx buffer num: 32
[0;32mI (695) wifi_init: rx ba win: 6[0m
[0;32mI (695) wifi_init: tcpip mbox: 32[0m
[0;32mI (705) wifi_init: udp mbox: 6[0m
[0;32mI (705) wifi_init: tcp mbox: 6[0m
[0;32mI (705) wifi_init: tcp tx win: 5760[0m
[0;32mI (715) wifi_init: tcp rx win: 5760[0m
[0;32mI (715) wifi_init: tcp mss: 1440[0m
[0;32mI (725) wifi_init: WiFi IRAM OP enabled[0m
[0;32mI (725) wifi_init: WiFi RX IRAM OP enabled[0m
[0;32mI (735) phy_init: phy_version 4791,2c4672b,Dec 20 2023,16:06:06[0m
I (825) wifi:mode : sta (48:e7:29:af:75:dc)
I (825) wifi:enable tsf
[0;32mI (825) example_connect: Connecting to P301...[0m
[0;32mI (835) example_connect: Waiting for IP(s)[0m
I (3245) wifi:new:<11,0>, old:<1,0>, ap:<255,255>, sta:<11,0>, prof:1
I (3245) wifi:state: init -> auth (b0)
I (4805) wifi:state: auth -> assoc (0)
I (4815) wifi:Association refused temporarily, comeback time 2000 (TUs)
I (6865) wifi:state: assoc -> assoc (0)
I (6875) wifi:state: assoc -> run (10)
I (6885) wifi:connected with P301, aid = 3, channel 11, BW20, bssid = fc:b2:df:25:e2:80
I (6885) wifi:security: WPA3-SAE, phy: bgn, rssi: -62
I (6895) wifi:pm start, type: 1

I (7045) wifi:AP's beacon interval = 204800 us, DTIM period = 1
[0;32mI (7895) esp_netif_handlers: example_netif_sta ip: 192.168.1.77, mask: 255.255.255.0, gw: 192.168.1.1[0m
[0;32mI (7895) example_connect: Got IPv4 event: Interface "example_netif_sta" address: 192.168.1.77[0m
[0;32mI (8635) example_connect: Got IPv6 event: Interface "example_netif_sta" address: fe80:0000:0000:0000:4ae7:29ff:feaf:75dc, type: ESP_IP6_ADDR_IS_LINK_LOCAL[0m
[0;32mI (8635) example_common: Connected to example_netif_sta[0m
[0;32mI (8645) example_common: - IPv4 address: 192.168.1.77,[0m
[0;32mI (8645) example_common: - IPv6 address: fe80:0000:0000:0000:4ae7:29ff:feaf:75dc, type: ESP_IP6_ADDR_IS_LINK_LOCAL[0m
[0;32mI (8665) main_task: Returned from app_main()[0m
[0;32mI (8665) CoAP_server: created UDP  endpoint [::]:5683[0m
[0;32mI (8675) CoAP_server: created DTLS endpoint [::]:5684[0m
[0;32mI (8675) CoAP_server: created TCP  endpoint [::]:5683[0m
[0;32mI (8685) CoAP_server: created TLS  endpoint [::]:5684[0m
I (8835) wifi:<ba-add>idx:0 (ifx:0, fc:b2:df:25:e2:80), tid:0, ssn:0, winSize:64
ets Jul 29 2019 12:21:46

rst:0x1 (POWERON_RESET),boot:0x13 (SPI_FAST_FLASH_BOOT)
configsip: 0, SPIWP:0xee
clk_drv:0x00,q_drv:0x00,d_drv:0x00,cs0_drv:0x0ï¿½ets Jul 29 2019 12:21:46

rst:0x1 (POWERON_RESET),boot:0x13 (SPI_FAST_FLASH_BOOT)
configsip: 0, SPIWP:0xee
clk_drv:0x00,q_drv:0x00,d_drv:0x00,cs0_drv:0x00,hd_drv:0x00,wp_drv:0x00
mode:DIO, clock div:2
load:0x3fff0030,len:7172
load:0x40078000,len:15540
load:0x40080400,len:4
ho 8 tail 4 room 4
load:0x40080404,len:3904
entry 0x40080640
[0;32mI (31) boot: ESP-IDF HEAD-HASH-NOTFOUND 2nd stage bootloader[0m
[0;32mI (31) boot: compile time Jun 10 2024 09:10:29[0m
[0;32mI (32) boot: Multicore bootloader[0m
[0;32mI (36) boot: chip revision: v3.1[0m
[0;32mI (40) boot.esp32: SPI Speed      : 40MHz[0m
[0;32mI (45) boot.esp32: SPI Mode       : DIO[0m
[0;32mI (49) boot.esp32: SPI Flash Size : 2MB[0m
[0;32mI (54) boot: Enabling RNG early entropy source...[0m
[0;32mI (59) boot: Partition Table:[0m
[0;32mI (63) boot: ## Label            Usage          Type ST Offset   Length[0m
[0;32mI (70) boot:  0 nvs              WiFi data        01 02 00009000 00006000[0m
[0;32mI (78) boot:  1 phy_init         RF data          01 01 0000f000 00001000[0m
[0;32mI (85) boot:  2 factory          factory app      00 00 00010000 00145000[0m
[0;32mI (93) boot: End of partition table[0m
[0;32mI (97) esp_image: segment 0: paddr=00010020 vaddr=3ï¿½ets Jul 29 2019 12:21:46

rst:0x1 (POWERON_RESET),boot:0x13 (SPI_FAST_FLASH_BOOT)
configsip: 0, SPIWP:0xee
clk_drv:0x00,q_drv:0x00,d_drv:0x00,cs0_drv:0x00,hd_drv:0x00,wp_drv:0x00
mode:DIO, clock div:2
load:0x3fff0030,len:7172
load:0x40078000,len:15540
load:0x40080400,len:4
ho 8 tail 4 room 4
load:0x40080404,len:3904
entry 0x40080640
[0;32mI (31) boot: ESP-IDF HEAD-HASH-NOTFOUND 2nd stage bootloader[0m
[0;32mI (31) boot: compile time Jun 10 2024 09:10:29[0m
[0;32mI (32) boot: Multicore bootloader[0m
[0;32mI (36) boot: chip revision: v3.1[0m
[0;32mI (40)ï¿½ets Jul 29 2019 12:21:46

rst:0x1 (POWERON_RESET),boot:0x13 (SPI_FAST_FLASH_BOOT)
configsip: 0, SPIWP:0xee
clk_drv:0x00,q_drv:0x00,d_drv:0x00,cs0_drv:0x00,hd_drv:0x00,wp_drv:0x00
mode:DIO, clock div:2
load:0x3fff0030,len:7172
load:0x40078000,len:15540
load:0x40080400,len:4
ho 8 tail 4 room 4
load:0x40080404,len:3904
entry 0x40080640
ets Jul 29 2019 12:21:46

rst:0x1 (POWERON_RESET),boot:0x13 (SPI_FAST_FLASH_BOOT)
configsip: 0, SPIWP:0xee
clk_drv:0x00,q_drv:0x00,d_drv:0x00,cs0_drv:0x00,hd_drv:0x00,wpï¿½ets Jul ï¿½ets Julets Jul 29 2019 12ets Jul 29 2019 12:21:46

rst:0x1 (POWERON_RESET),boot:0x13 (SPI_FAST_FLASH_BOOT)
configsip: 0, SPIWP:0xee
clk_drv:0x00,q_drv:0x00,d_drv:0x00,cï¿½ets Jul 29 2019 12:21:46

rst:0ets Jul 29ets Jul 29 2019 12:21:ï¿½ets Jul 29 2019 12:21ï¿½ets Jul 29 2019 12:21:46

rst:0x1 (POWERON_RESET),boot:0x13 (SPI_FAST_FLASH_BOOT)
configsip: 0, SPIWP:0xee
clk_drv:0x00,q_drv:0x00,d_drv:0x00,cs0_drv:0x00,hd_drv:0x00,wp_drv:0x00
mode:DIO, clock div:2
load:0x3fff0030,len:7172
load:0x40078000,len:15540
load:0x40080400,len:4
ho 8 tail 4 room 4
load:0x40080404,len:3904
entry 0x40080640
[0;32mI (31) boot: ESP-IDF HEAD-HASH-NOTFOUND 2nd stage bootloader[0m
[0;32mI (31) boot: compile time Jun 10 2024 09:10:29[0m
[0;32mI (32) boot: Multicore bootloader[0m
[0;32mI (36) boot: chip revision: v3.1[0m
[0;32mI (40) boot.esp32: SPI Speed ets Jul 29 2019 12:21:46

rst:0x1 (POWERON_RESET),boot:0x13 (SPI_FAST_FLASH_BOOT)
configsip: 0, SPIWP:0xee
clk_drv:0x00,q_drv:0x00,d_drv:0x00,cs0_drv:0x00,hd_drv:0x00,wp_drv:0x00
mode:DIO, clock div:2
load:0x3fff0030,len:7172
load:0x40078000,len:15540
load:0x40080400,len:4
ho 8 tail 4 room 4
load:0x40080404,len:3904
entry 0x40080640
[0;32mI (31) boot: ESP-IDF HEAD-HASH-NOTFOUND 2nd stage bootloader[0m
[0;32mI (31) boot: compile time Jun 10 2024 09:10:29[0m
[0;32mI (32) boot: Multicore bootloader[0m
[0;32mI (36) boot: chip revision: v3.1[0m
[0;32mI (40) boot.esp32: SPI Speed      : 40MHz[0m
[0;32mI (45) boot.esp32: SPI Mode       : DIO[0m
[0;32mI (49) boot.esp32: SPI Flash Size : 2MB[0m
[0;32mI (54) boot: Enabling RNG early entropy source...[0m
[0;32mI (59) boot: Partition Table:[0m
[0;32mI (63) boot: ## Label            Usage          Type ST Offset   Length[0m
[0;32mI (70) boot:  0 nvs              WiFi data        01 02 00009000 00006000[0m
[0;32mI (78) boot:  1 phy_init         RF data          01 01 0000f000 00001000[0m
[0;32mI (85) boot:  2 factory          factory app      00 00 00010000 00145000[0m
[0;32mI (93) boot: End of partition table[0m
[0;32mI (97) esp_image: segment 0: paddr=00010020 vaddr=3f400020 size=2cf34h (184116) map[0m
[0;32mI (168) esp_image: segment 1: paddr=0003cf5c vaddr=3ffb0000 size=030bch ( 12476) load[0m
[0;32mI (173) esp_image: segment 2: paddr=00040020 vaddr=400d0020 size=aca04h (707076) map[0m
[0;32mI (416) esp_image: segment 3: paddr=000eca2c vaddr=3ffb30bc size=00e68h (  3688) load[0m
[0;32mI (418) esp_image: segment 4: paddr=000ed89c vaddr=40080000 size=166a4h ( 91812) load[0m
[0;32mI (469) boot: Loaded app from partition at offset 0x10000[0m
[0;32mI (469) boot: Disabling RNG early entropy source...[0m
[0;32mI (481) cpu_start: Multicore app[0m
[0;32mI (490) cpu_start: Pro cpu start user code[0m
[0;32mI (490) cpu_start: cpu freq: 160000000 Hz[0m
[0;32mI (490) cpu_start: Application information:[0m
[0;32mI (493) cpu_start: Project name:     coap_server[0m
[0;32mI (498) cpu_start: App version:      1[0m
[0;32mI (503) cpu_start: Compile time:     Jun 10 2024 10:33:41[0m
[0;32mI (509) cpu_start: ELF file SHA256:  4576134fb...[0m
[0;32mI (514) cpu_start: ESP-IDF:          HEAD-HASH-NOTFOUND[0m
[0;32mI (520) cpu_start: Min chip rev:     v0.0[0m
[0;32mI (525) cpu_start: Max chip rev:     v3.99 [0m
[0;32mI (530) cpu_start: Chip rev:         v3.1[0m
[0;32mI (535) heap_init: Initializing. RAM available for dynamic allocation:[0m
[0;32mI (542) heap_init: At 3FFAE6E0 len 00001920 (6 KiB): DRAM[0m
[0;32mI (548) heap_init: At 3FFBB8D0 len 00024730 (145 KiB): DRAM[0m
[0;32mI (554) heap_init: At 3FFE0440 len 00003AE0 (14 KiB): D/IRAM[0m
[0;32mI (560) heap_init: At 3FFE4350 len 0001BCB0 (111 KiB): D/IRAM[0m
[0;32mI (567) heap_init: At 400966A4 len 0000995C (38 KiB): IRAM[0m
[0;32mI (574) spi_flash: detected chip: generic[0m
[0;32mI (577) spi_flash: flash io: dio[0m
[0;33mW (581) spi_flash: Detected size(4096k) larger than the size in the binary image header(2048k). Using the size in the binary image header.[0m
[0;32mI (595) main_task: Started on CPU0[0m
[0;32mI (605) main_task: Calling app_main()[0m
[0;32mI (635) example_connect: Start example_connect.[0m
I (645) wifi:wifi driver task: 3ffc359c, prio:23, stack:6656, core=0
I (655) wifi:wifi firmware version: a9f5b59
I (655) wifi:wifi certification version: v7.0
I (665) wifi:config NVS flash: enabled
I (665) wifi:config nano formating: disabled
I (665) wifi:Init data frame dynamic rx buffer num: 32
I (665) wifi:Init static rx mgmt buffer num: 5
I (675) wifi:Init management short buffer num: 32
I (675) wifi:Init dynamic tx buffer num: 32
I (685) wifi:Init static rx buffer size: 1600
I (685) wifi:Init static rx buffer num: 10
I (685) wifi:Init dynamic rx buffer num: 32
[0;32mI (695) wifi_init: rx ba win: 6[0m
[0;32mI (695) wifi_init: tcpip mbox: 32[0m
[0;32mI (705) wifi_init: udp mbox: 6[0m
[0;32mI (705) wifi_init: tcp mbox: 6[0m
[0;32mI (705) wifi_init: tcp tx win: 5760[0m
[0;32mI (715) wifi_init: tcp rx win: 5760[0m
[0;32mI (715) wifi_init: tcp mss: 1440[0m
[0;32mI (725) wifi_init: WiFi IRAM OP enabled[0m
[0;32mI (725) wifi_init: WiFi RX IRAM OP enabled[0m
[0;32mI (735) phy_init: phy_version 4791,2c4672b,Dec 20 2023,16:06:06[0m
I (825) wifi:mode : sta (48:e7:29:af:75:dc)
I (825) wifi:enable tsf
[0;32mI (825) example_connect: Connecting to P301...[0m
[0;32mI (835) example_connect: Waiting for IP(s)[0m
I (3245) wifi:new:<11,0>, old:<1,0>, ap:<255,255>, sta:<11,0>, prof:1
I (3245) wifi:state: init -> auth (b0)
I (4855) wifi:state: auth -> assoc (0)
I (4865) wifi:Association refused temporarily, comeback time 2000 (TUs)
I (6915) wifi:state: assoc -> assoc (0)
I (6925) wifi:state: assoc -> run (10)
I (6935) wifi:connected with P301, aid = 3, channel 11, BW20, bssid = fc:b2:df:25:e2:80
I (6935) wifi:security: WPA3-SAE, phy: bgn, rssi: -67
I (6935) wifi:pm start, type: 1

I (6975) wifi:AP's beacon interval = 204800 us, DTIM period = 1
[0;32mI (7945) esp_netif_handlers: example_netif_sta ip: 192.168.1.77, mask: 255.255.255.0, gw: 192.168.1.1[0m
[0;32mI (7945) example_connect: Got IPv4 event: Interface "example_netif_sta" address: 192.168.1.77[0m
[0;32mI (8635) example_connect: Got IPv6 event: Interface "example_netif_sta" address: fe80:0000:0000:0000:4ae7:29ff:feaf:75dc, type: ESP_IP6_ADDR_IS_LINK_LOCAL[0m
[0;32mI (8635) example_common: Connected to example_netif_sta[0m
[0;32mI (8645) example_common: - IPv4 address: 192.168.1.77,[0m
[0;32mI (8645) example_common: - IPv6 address: fe80:0000:0000:0000:4ae7:29ff:feaf:75dc, type: ESP_IP6_ADDR_IS_LINK_LOCAL[0m
[0;32mI (8665) main_task: Returned from app_main()[0m
[0;32mI (8665) CoAP_server: created UDP  endpoint [::]:5683[0m
[0;32mI (8675) CoAP_server: created DTLS endpoint [::]:5684[0m
[0;32mI (8675) CoAP_server: created TCP  endpoint [::]:5683[0m
[0;32mI (8685) CoAP_server: created TLS  endpoint [::]:5684[0m
I (9645) wifi:<ba-add>idx:0 (ifx:0, fc:b2:df:25:e2:80), tid:0, ssn:0, winSize:64
I (62895) wifi:<ba-add>idx:1 (ifx:0, fc:b2:df:25:e2:80), tid:6, ssn:0, winSize:64
ets Jul 29 2019 12:21:46

rst:0x1 (POWERON_RESET),boot:0x13 (SPI_FAST_FLASH_BOOT)
configsip: 0, SPIWP:0xee
clk_drv:0x00,q_drv:0x00,d_drv:0x00,cs0_drv:0x00,hd_drv:0x00,wp_drv:0x00
mode:DIO, clock div:2
load:0x3fff0030,len:7172
load:0x40078000,len:15540
load:0x40080400,len:4
ho 8 tail 4 room 4
load:0x40080404,len:3904
entry 0x40080640
[0;32mI (31) boot: ESP-IDF HEAD-HASH-NOTFOUND 2nd stage bootloader[0m
[0;32mI (31) boot: compile time Jun 10 2024 09:10:29[0m
[0;32mI (32) boot: Multicore bootloader[0m
[0;32mI (36) boot: chip revision: v3.1[0m
[0;32mI (40) boot.esp32: SPI Speed      : 40MHz[0m
[0;32mI (45) boot.esp32: SPI Mode       : DIO[0m
[0;32mI (49) boot.esp32: SPI Flash Size : 2MB[0m
[0;32mI (54) boot: Enabling RNG early entropy source...[0m
[0;32mI (59) boot: Partition Table:[0m
[0;32mI (63) boot: ## Label            Usage          Type ST Offset   Length[0m
[0;32mI (70) boot:  0 nvs              WiFi data        01 02 00009000 00006000[0m
[0;32mI (78) boot:  1 phy_init         RF data          01 01 0000f000 00001000[0m
[0;32mI (85) boot:  2 factory          factory app      00 00 00010000 00145000[0m
[0;32mI (93) boot: End of partition table[0m
[0;32mI (97) esp_image: segment 0: paddr=00010020 vaddr=3f400020 size=2cf34h (184116) map[0m
[0;32mI (168) esp_image: segment 1: paddr=0003cf5c vaddr=3ffb0000 size=030bch ( 12476) load[0m
[0;32mI (173) esp_image: segment 2: paddr=00040020 vaddr=400d0020 size=aca04h (707076) map[0m
[0;32mI (416) esp_image: segment 3: paddr=000eca2c vaddr=3ffb30bc size=00e68h (  3688) load[0m
[0;32mI (418) esp_image: segment 4: paddr=000ed89c vaddr=40080000 size=166a4h ( 91812) load[0m
[0;32mI (469) boot: Loaded app from partition at offset 0x10000[0m
[0;32mI (469) boot: Disabling RNG early entropy source...[0m
[0;32mI (481) cpu_start: Multicore app[0m
[0;32mI (490) cpu_start: Pro cpu start user code[0m
[0;32mI (490) cpu_start: cpu freq: 160000000 Hz[0m
[0;32mI (490) cpu_start: Application information:[0m
[0;32mI (493) cpu_start: Project name:     coap_server[0m
[0;32mI (498) cpu_start: App version:      1[0m
[0;32mI (503) cpu_start: Compile time:     Jun 10 2024 10:33:41[0m
[0;32mI (509) cpu_start: ELF file SHA256:  4576134fb...[0m
[0;32mI (514) cpu_start: ESP-IDF:          HEAD-HASH-NOTFOUND[0m
[0;32mI (520) cpu_start: Min chip rev:     v0.0[0m
[0;32mI (525) cpu_start: Max chip rev:     v3.99 [0m
[0;32mI (530) cpu_start: Chip rev:         v3.1[0m
[0;32mI (535) heap_init: Initializing. RAM available for dynamic allocation:[0m
[0;32mI (542) heap_init: At 3FFAE6E0 len 00001920 (6 KiB): DRAM[0m
[0;32mI (548) heap_init: At 3FFBB8D0 len 00024730 (145 KiB): DRAM[0m
[0;32mI (554) heap_init: At 3FFE0440 len 00003AE0 (14 KiB): D/IRAM[0m
[0;32mI (560) heap_init: At 3FFE4350 len 0001BCB0 (111 KiB): D/IRAM[0m
[0;32mI (567) heap_init: At 400966A4 len 0000995C (38 KiB): IRAM[0m
[0;32mI (574) spi_flash: detected chip: generic[0m
[0;32mI (577) spi_flash: flash io: dio[0m
[0;33mW (581) spi_flash: Detected size(4096k) larger than the size in the binary image header(2048k). Using the size in the binary image header.[0m
[0;32mI (595) main_task: Started on CPU0[0m
[0;32mI (605) main_task: Calling app_main()[0m
[0;32mI (635) example_connect: Start example_connect.[0m
I (645) wifi:wifi driver task: 3ffc359c, prio:23, stack:6656, core=0
I (655) wifi:wifi firmware version: a9f5b59
I (655) wifi:wifi certification version: v7.0
I (665) wifi:config NVS flash: enabled
I (665) wifi:config nano formating: disabled
I (665) wifi:Init data frame dynamic rx buffer num: 32
I (665) wifi:Init static rx mgmt buffer num: 5
I (675) wifi:Init management short buffer num: 32
I (675) wifi:Init dynamic tx buffer num: 32
I (685) wifi:Init static rx buffer size: 1600
I (685) wifi:Init static rx buffer num: 10
I (685) wifi:Init dynamic rx buffer num: 32
[0;32mI (695) wifi_init: rx ba win: 6[0m
[0;32mI (695) wifi_init: tcpip mbox: 32[0m
[0;32mI (705) wifi_init: udp mbox: 6[0m
[0;32mI (705) wifi_init: tcp mbox: 6[0m
[0;32mI (705) wifi_init: tcp tx win: 5760[0m
[0;32mI (715) wifi_init: tcp rx win: 5760[0m
[0;32mI (715) wifi_init: tcp mss: 1440[0m
[0;32mI (725) wifi_init: WiFi IRAM OP enabled[0m
[0;32mI (725) wifi_init: WiFi RX IRAM OP enabled[0m
[0;32mI (735) phy_init: phy_version 4791,2c4672b,Dec 20 2023,16:06:06[0m
ets Jul 29 2019 12:21:46

rst:0x1 (POWERON_RESET),boot:0x13 (SPI_FAST_FLASH_BOOT)
configsip: 0, SPIWP:0xee
clk_drv:0x00,q_drv:0x00,d_drv:0x00,cs0_drv:0x00,hd_drv:0x00,wp_drv:0x00
mode:DIO, clock div:2
load:0x3fff0030,len:7172
load:0x40078000,len:15540
load:0x40080400,len:4
ho 8 tail 4 room 4
load:0x40080404,len:3904
entry 0x40080640
[0;32mI (31) boot: ESP-IDF HEAD-HASH-NOTFOUND 2nd stage bootloader[0m
[0;32mI (31) boot: compile time Jun 10 2024 09:10:29[0m
[0;32mI (32) boot: Multicore bootloader[0m
[0;32mI (36) boot: chip revision: v3.1[0m
[0;32mI (40) boot.esp32: SPI Speed      : 40MHz[0m
[0;32mI (45) boot.esp32: SPI Mode       : DIO[0m
[0;32mI (49) boot.esp32: SPI Flash Size : 2MB[0m
[0;32mI (54) boot: Enabling RNG early entropy source...[0m
[0;32mI (59) boot: Partition Table:[0m
[0;32mI (63) boot: ## Label            Usage          Type ST Offset   Length[0m
[0;32mI (70) boot:  0 nvs              WiFi data        01 02 00009000 00006000[0m
[0;32mI (78) boot:  1 phy_init         RF data          01 01 0000f000 00001000[0m
[0;32mI (85) boot:  2 factory          factory app      00 00 00010000 00145000[0m
[0;32mI (93) boot: End of partition table[0m
[0;32mI (97) esp_image: segment 0: paddr=00010020 vaddr=3f400020 size=2cf34h (184116) map[0m
[0;32mI (168) esp_image: segment 1: paddr=0003cf5c vaddr=3ffb0000 size=030bch ( 12476) load[0m
[0;32mI (173) esp_image: segment 2: paddr=00040020 vaddr=400d0020 size=aca04h (707076) map[0m
ets Jul 29 2019 12:21:46

rst:0x1 (POWERON_RESET),boot:0x13 (SPI_FAST_FLASH_BOOT)
configsip: 0, SPIWP:0xee
clk_drv:0x00,q_drv:0x00,d_drv:0x00,cs0_drv:0x00,hd_drv:0x00,wp_drv:0x00
mode:DIO, clock div:2
load:0x3fff0030,len:7172
load:0x40078000,len:15540
load:0x40080400,len:4
ho 8 tail 4 room 4
load:0x40080404,len:3904
entry 0x40080640
[0;32mI (31) bï¿½ets Jul 29 2019 12:21:46

rst:0x1 (POWERON_RESET),boot:0x13 (SPI_FAST_FLASH_BOOT)
configsip: 0, SPIWP:0xee
clk_drv:0x00,q_drv:0x00,d_drv:0x00,cs0_drv:0x00,hd_drv:0x00,wp_drv:0x00
mode:DIO, clock div:2
load:0x3fff0030,len:7172
load:0x40078000,len:15540
load:0x40080400,len:4
ho 8 tail 4 room 4
load:0x40080404,len:3904
entry 0x40080640
[0;32mI (31) boot: ESP-IDF HEAD-HASH-NOTFOUND 2nd stage bootloader[0m
[0;32mI (31) boot: compile time Jun 10 2024 09:10:29[0m
[0;32mI (32) boot: Multicore bootloader[0m
[0;32mI (36) boot: chip revision: v3.1[0m
[0;32mI (40) boot.esp32: SPIets Jul 29 2019 12:21:46

rst:0x1 (POWERON_RESET),boot:0x13 (SPI_FAST_FLASH_BOOT)
configsip: 0, SPIWP:0xee
clk_drv:0x00,q_drv:0x00,d_drv:0x00,cs0_drv:0x00,hd_drv:0x00,wp_drv:0x00
mode:DIO, clock div:2
load:0x3fff0030,len:7172
load:0x40078000,len:15540
load:0x40080400,len:4
ho 8 tail 4 room 4
load:0x40080404,len:3904
entry 0x40080640
[0ï¿½ets Jul 29 2019 12:21:46

rst:0x1 (POWERON_RESET),boot:0x13 (SPI_FAST_FLASH_BOOT)
configsip: 0, SPIWP:0xee
clk_drv:0x00,q_drv:0x00,d_drv:0x00,cs0_drv:0x00,hd_drv:0x00,wp_drv:0x00
mode:DIO, clock div:2
load:0x3fff0030,len:7172
load:0x40078000,len:15540
load:0x40080400,len:4
ho 8 tail 4 room 4
load:0x40080404,len:3904
entry 0x40080640
ets Jul 29 2019 12:21:46

rst:0x1 (POWERON_RESET),boot:0x13 (SPI_FAST_FLASH_BOOT)
configsip: 0, SPIWP:0xee
clk_drv:0x00,q_drv:0x00,d_drv:0x00,cs0_drv:0x00,hd_drv:0x00,wp_drv:0x00
mode:DIO, clock div:2
load:0x3fff0030,len:7172
load:0x40078000,len:15540
load:0x40080400,len:4
ho 8 tail 4 room 4
load:0x40080404,len:3904
entry 0x40080640
[0;32mI (31) boot: ESP-IDF HEAD-HASH-NOTFOUND 2nd stage bootloader[0m
[0;32mI (31) boot: compile time Jun 10 2024 09:10:29[0m
[0;32mI (32) boot: Multicore bootloader[0m
[0;32mI (36) boot: chip revision: v3.1[0m
[0;32mI (40) boot.esp32: SPI Speed      : 40MHz[0m
[0;32mI (45) boot.esp32: SPets Jul 29 2019 12:21:46

rst:0x1 (POWERON_RESET),boot:0x13 (SPI_FAST_FLASH_BOOT)
configsip: 0, SPIWP:0xee
clk_drv:0x00,q_drv:0x00,d_drv:0x00,cs0_drv:0x00,hd_drv:0x00,wp_drv:0x00
mode:DIO, clock div:2
load:0x3fff0030,len:7172
load:0x40078000,len:15540
load:0x40080400,len:4
ho 8 tail 4 room 4
load:0x40080404,len:3904
entry 0x40080640
[0;32mI (31) boot: ESP-IDF HEAD-HASH-NOTFOUND 2nd stage bootloader[0m
[0;32mI (31) boot: compile time Jun 10 2024 09:10:29[0m
[0;32mI (32) boot: Multicore bootloader[0m
[0;32mI (36) boot: chip revision: v3.1[0m
[0;32mI (40) boot.esp32: SPI Speed      : 40MHz[0m
[0;32mI (45) boot.esp32: SPI Mode       : DIO[0m
[0;32mI (49ï¿½ets Jul 29 2019 12:21:46

rst:0x1 (POWERON_RESET),boot:0x13 (SPI_FAST_FLASH_BOOT)
configsip: 0, SPIWP:0xee
clk_drv:0x00,q_drv:0x00,d_drv:0x00,cs0_drv:0x00,hd_drv:0x00,wp_drv:0x00
mode:DIO, clock div:2
load:0x3fff0030,len:7172
load:0x40078000,len:15540
load:0x40080400,len:4
ho 8 tail 4 room 4
load:0x40080404,len:3904
entry 0x40080640
[0;32mI (31) boot: ESP-IDF HEAD-HASH-Nï¿½ets Jul 29 2019 12:21:46

rst:0x1 (POWERON_RESET),boot:0x13 (SPI_FAST_FLASH_BOOT)
configsip: 0, SPIWP:0xee
clk_drv:0x00,q_drv:0x00,d_drv:0x00,cs0_drv:0x00,hd_drv:0x00,wp_drv:0x00
mode:DIO, clock div:2
load:0x3fff0030,len:7172
load:0x40078000,len:15540
load:0x40080400,len:4
ho 8 tail 4 room 4
load:0x40080404,len:3904
entry 0x40080640
ets Jul 29 2019 12:21:46

rst:0x1 (POWERON_RESET),boot:0x13 (SPI_FAST_FLASH_BOOT)
configsip: 0, SPIWP:0xee
clk_drv:0x00,q_drv:0x00,d_drv:0x00,cs0_drv:0x00,hd_drv:0x00,wp_drv:0x00
mode:DIO, clock div:2
load:0x3fff0030,len:7172
load:0x40078000,len:15540
load:0x40080400,len:4
ho 8 tail 4 room 4
load:0x40080404,len:3904
entry 0x40080640
[0;32mI (31) boot: ESP-IDF HEAD-HASH-NOTFOUND 2nd stage bootloader[0m
[0;32mI (31) boot: compile time Jun 10 2024 09:10:29[0m
[0;32mI (32) boot: Multicore bootloader[0m
[0;32mI (36) boot: chip revision: v3.1[0m
[0;32mI (40) boot.esp32: SPI Speed      : 40MHz[0m
[0;32mI (45) boot.esp32: SPI Mode       : DIO[0m
[0;32mI (49) boot.esp32: SPI Flash Size : 2MB[0m
[0;32mI (54) boot: Enabling RNG early entropy source...[0m
[0;32mI (59) boot: Partition Table:[0m
[0;32mI (63) boot: ## Label            Usage          Type ST Offset   Length[0m
[0;32mI (70) boot:  0 nvs              WiFi data        01 02 00009000 00006000[0m
[0;32mI (78) boot:  1 phy_init         RF data          01 01 0000f000 00001000[0m
[0;32mI (85) boot:  2 factory          factory app      00 00 00010000 00145000[0m
[0;32mI (93) boot: End of partition table[0m
[0;32mI (97) esp_image: segment 0: paddr=00010020 vaddr=3f400020 size=2cf34h (184116) map[0m
[0;32mI (168) esp_image: segment 1: paddr=0003cf5c vaddr=3ffb0000 size=030bch ( 12476) load[0m
[0;32mI (173) esp_image: segment 2: paddr=00040020 vaddr=400d0020 size=aca04h (707076) map[0m
ets Jul 29 2019 12:21:46

rst:0x1 (POWERON_RESET),boot:0x13 (SPI_FAST_FLASH_BOOT)
configsip: 0, SPIWP:0xee
clk_drv:0x00,q_drv:0x00,d_drv:0x00,cs0_drv:0x00,hd_drv:0x00,wp_drv:0x00
mode:DIO, clock div:2
load:0x3fff0030,len:7172
load:0x40078000,len:15540
load:0x40080400,len:4
ho 8 tail 4 room 4
load:0x40080404,len:3904
entry 0x40080640
[0;32mI (31) boot: ESP-IDF HEAD-HASH-Nï¿½ets Jul 29 2019 12:21:46

rst:0x1 (POWERON_RESET),boot:0x13 (SPI_FAST_FLASH_BOOT)
configsip: 0, SPIWP:0xee
clk_drv:0x00,q_drv:0x00,d_drv:0x00,cs0_drv:0x00,hd_drv:0x00,wp_drv:0x00
mode:DIO, clock div:2
load:0x3fff0030,len:7172
load:0x40078000,len:15540
load:0x40080400,len:4
ho 8 tail 4 room 4
load:0x40080404,len:3904
entry 0x40080640
[0;32mI (31) boot: ESP-IDF HEAD-HASH-NOTFOUND 2nd stage bootloader[0m
[0;32mI (31) boot: compile ï¿½ets Jul 29 2019 12:21:46

rst:0x1 (POWERON_RESET),boot:0x13 (SPI_FAST_FLASH_BOOT)
configsip: 0, SPIWP:0xee
clk_drv:0x00,q_drv:0x00,d_drv:0x00,cs0_drv:0x00,hd_drv:0x00,wp_drv:0x00
mode:DIO, clock div:2
load:0x3fff0030,len:7172
load:0x40078000,len:15540
load:0x40080400,len:4
ho 8 tail 4 room 4
load:0x40080404,len:3904
entry 0x40080640
ets Jul 29 2019 12:21:46

rst:0x1 (POWERON_RESET),boot:0x13 (SPI_FAST_FLASH_BOOT)
configsip: 0, SPIWP:0xee
clk_drv:0x00,q_drv:0x00,d_drv:0x00,cs0_drv:0x00,hd_drv:0x00,wp_drv:0x00
mode:DIO, clock div:2
load:0x3fff0030,len:7172
load:0x40078000,len:15540
load:0x40080400,len:4
ho 8 tail 4 room 4
load:0x40080404,len:3904
entry 0x40080640
ets Jul 29 2019 12:21:46

rst:0x1 (POWERON_RESET),boot:0x13 (SPI_FAST_FLASH_BOOT)
configsip: 0, SPIWP:0xee
clk_drv:0x00,q_drv:0x00,d_drv:0x00,cs0_drv:0x00,hd_drv:0x00,wp_drv:0x00
mode:DIO, clock div:2
load:0x3fff0030,len:7172
load:0x40078000,len:15540
load:0x40080400,len:4
ho 8 tail 4 room 4
load:0x40080404,len:3904
entry 0x40080640
[0;32mI (31) boot: ESP-IDF HEAD-HASH-NOTFOUND 2nd stage bootloï¿½ets Jul 29 2019 12:21:46

rst:0x1 (POWERON_RESET),boot:0x13 (SPI_FAST_FLASH_BOOT)
configsip: 0, SPIWP:0xee
clk_drv:0x00,q_drv:0x00,d_drv:0x00,cs0_drv:0x00,hd_drv:0x00,wp_drv:0x00
mode:DIO, clock div:2
load:0x3fff0030,len:7172
load:0x40078000,len:15540
load:0x40080400,len:4
ho 8 tail 4 room 4
load:0x40080404,len:3904
entry 0x40080640
ets Jul 29 2019 12:21:46

rst:0x1 (POWERON_RESET),boot:0x13 (SPI_FAST_FLASH_BOOT)
configsip: 0, SPIWP:0xee
clk_drv:0x00,q_drv:0x00,d_drv:0x00,cs0_drv:0x00,hd_drv:0x00,wp_drv:0x00
mode:DIO, clock div:2
load:0x3fff0030,len:7172
load:0x40078000,len:15540
load:0x40080400,len:4
ho 8 tail 4 room 4
load:0x40080404,len:3904
entry 0x40080640
[0;32mI (31) boot: ESP-IDF HEAD-HASH-NOTFOUND 2nd stage bootloader[0m
[0;32mI (31) boot: compile time Jun 10 2024 09:10:29[0m
[0;32mI (32) boot: Multicore bootloader[0m
[0;32mI (36) boot: chip revision: v3.1[0m
[0;32mI (40) boot.esp32: SPI Speed      : 40MHz[0m
[0;32mI (45) boot.esp32: SPI Mode       : DIO[0m
[0;32mI (49) boot.esp32: SPI Flash Size : 2MB[0m
[0;32mI (54) boot: Enabling RNG early entropy source...[0m
[0;32mI (59) boot: Partition Table:[0m
[0;32mI (63) boot: ## Label            Usage          Type ST Offset   Length[0m
[0;32mI (70) boot:  0 nvs              WiFi data        01 02 00009000 00006000[0m
[0;32mI (78) boot:  1 phy_init         RF data          01 01 0000f000 00001000[0m
[0;32mI (85) boot:  2 factory          factory app      00 00 00010000 00145000[0m
[0;32mI (93) boot: End of partition table[0m
[0;32mI (97) esp_image: segment 0: paddr=00010020 vaddr=3f400020 size=2cf34h (184116) map[0m
[0;32mI (168) esp_image: segment 1: paddr=0003cf5c vaddr=3ffb0000 size=030bch ( 12476) load[0m
[0;32mI (173) esp_image: segment 2: paddr=00040020 vaddr=400d0020 size=aca04h (707076) map[0m
ets Jul 29 2019 12:21:46

rst:0x1 (POWERON_RESET),boot:0x13 (SPI_FAST_FLASH_BOOT)
configsip: 0, SPIWP:0xee
clk_drv:0x00,q_drv:0x00,d_drv:0x00,cs0_drv:0x00,hd_drv:0x00,wp_drv:0x00
mode:DIO, clock div:2
load:0x3fff0030,len:7172
load:0x40078000,len:15540
load:0x40080400,len:4
ho 8 tail 4 room 4
load:0x40080404,len:3904
entry 0x40080640
[0;32mI (31) boot: ESP-IDF HEAD-HASH-NOTFOUND 2nd stage bootloader[0m
[0;32mI (31) boot: compile time Jun 10 2024 09:10:29[0m
[0;32mI (32) boot: Multicore bootloader[0m
[0;32mI (36) boot: chip revision: v3.1[0m
[0;32mI (40) boot.esp32: SPI Speed      : 40MHz[0m
[0;32mI (45) boot.esp32: SPI Mode       : DIO[0m
[0;32mI (49) boot.esp32: SPI Flash Size : 2MB[0m
[0;32mI (54) boot: Enabling RNG early entropy source...[0m
[0;32mI (59) boot: Partition Table:[0m
[0;32mI (63) boot: ## Label            Usage          Type ST Offset   Length[0m
[0;32mI (70) bï¿½ets Jul 29 2019 12:21:46

rst:0x1 (POWERON_RESET),boot:0x13 (SPI_FAST_FLASH_BOOT)
configsip: 0, SPIWP:0xee
clk_drv:0x00,q_drv:0x00,d_drv:0x00,cs0_drv:0x00,hd_drv:0x00,wp_drv:0x00
mode:DIO, clock div:2
load:0x3fff0030,len:7172
load:0x40078000,len:15540
load:0x40080400,len:4
ho 8 tail 4 room 4
load:0x40080404,len:3904
entry 0x40080640
[0;32mI (31) boot: ESP-IDF HEAD-HASH-NOTFOUND ï¿½ets Jul 29 2019 12:21:46

rst:0x1 (POWERON_RESET),boot:0x13 (SPI_FAST_FLASH_BOOT)
configsip: 0, SPIWP:0xee
clk_drv:0x00,q_drv:0x00,d_drv:0x00,cs0_drv:0x00,hd_drv:0x00,wp_drv:0x00
mode:DIO, clock div:2
load:0x3fff0030,len:7172
load:0x40078000,len:15540
load:0x40080400,len:4
ho 8 tail 4 room 4
load:0x40080404,len:3904
entry 0x40080640
[0;32mI (ï¿½ets Jul 29 2019 12:21:46

rst:0x1 (POWERON_RESET),boot:0x13 (SPI_FAST_FLASH_BOOT)
confï¿½ets ï¿½ets Jï¿½ets ï¿½ets ï¿½ets Jï¿½ets ï¿½ets ï¿½ets Juets ï¿½ets ï¿½ets ï¿½ets ï¿½ets ï¿½ets ï¿½ets ets ets ï¿½ets ets etsï¿½ets etsï¿½ets etsï¿½ets ï¿½etsï¿½etsï¿½ets ets ets ets etsï¿½etsï¿½ets ets etsï¿½etsï¿½etsï¿½ets etsï¿½etsï¿½etsï¿½etsï¿½etsï¿½etsï¿½etsï¿½etsï¿½etsï¿½etsï¿½etsï¿½etsï¿½etsï¿½etsï¿½etsetsï¿½etsetsetsï¿½etï¿½etsï¿½etsï¿½etsetsï¿½ets Jul 29 2019 12:21:46

rst:0x1 (POWERON_RESET),boot:0x13 (SPI_FAST_FLASH_BOOT)
configsip: 0, SPIWP:0xee
clk_drv:0x00,q_drv:0x00,d_drv:0x00,cs0_drv:0x00,hd_drv:0x00,wp_drv:0x00
mode:DIO, clock div:2
load:0x3fff0030,len:7172
load:0x40078000,len:15540
load:0x40080400,len:4
ho 8 tail 4 room 4
load:0x40080404,len:3904
entry 0x40080640
[0;32mI (31) boot: ESP-IDF HEAD-HASH-NOTFOUND 2nd stage bootloader[0m
[0;32mI (31) boot: compile time Jun 10 2024 09:10:29[0m
[0;32mI (32) boot: Multicore bootloader[0m
[0;32mI (36) boot: chip revision: v3.1[0m
[0;32mI (40) boot.esp32: SPI Speed      : 40MHz[0m
[0;32mI (45) boot.esp32: SPI Mode       : DIO[0m
[0;32mI (49) boot.esp32: SPI Flash Size : 2MB[0m
[0;32mI (54) boot: Enabling RNG early entropy source...[0m
[0;32mI (59) boot: Partition Table:[0m
[0;32mI (63) boot: ## Label            Usage          Type ST Offset   Length[0m
[0;32mI (70) boot:  0 nvs              WiFi data        01 02 00009000 00006000[0m
[0;32mI (78) boot:  1 phy_init         RF data          01 01 0000f000 00001000[0m
[0;32mI (85) boot:  2 factory          factory app      00 00 00010000 00145000[0m
[0;32mI (93) boot: End of partition table[0m
[0;32mI (97) esp_image: segment 0: paddr=00010020 vaddr=3f400020 size=2cf34h (184116) map[0m
[0;32mI (168) esp_image: segment 1: paddr=0003cf5c vaddr=3ffb0000 size=030bch ( 12476) load[0m
[0;32mI (173) esp_image: segment 2: paddr=00040020 vaddr=400d0020 size=aca04h (707076) map[0m
[0;32mI (416) esp_image: segment 3: paddr=000eca2c vaddr=3ffb30bc size=00e68h (  3688) load[0m
[0;32mI (418) esp_image: segment 4: paddr=000ed89c vaddr=40080000 size=166a4h ( 91812) load[0m
[0;32mI (469) boot: Loaded app from partition at offset 0x10000[0m
[0;32mI (469) boot: Disabling RNG early entropy source...[0m
[0;32mI (481) cpu_start: Multicore app[0m
[0;32mI (490) cpu_start: Pro cpu start user code[0m
[0;32mI (490) cpu_start: cpu freq: 160000000 Hz[0m
[0;32mI (490) cpu_start: Application information:[0m
[0;32mI (493) cpu_start: Project name:     coap_server[0m
[0;32mI (498) cpu_start: App version:      1[0m
[0;32mI (503) cpu_start: Compile time:     Jun 10 2024 10:33:41[0m
[0;32mI (509) cpu_start: ELF file SHA256:  4576134fb...[0m
[0;32mI (514) cpu_start: ESP-IDF:          HEAD-HASH-NOTFOUND[0m
[0;32mI (520) cpu_start: Min chip rev:     v0.0[0m
[0;32mI (525) cpu_start: Max chip rev:     v3.99 [0m
[0;32mI (530) cpu_start: Chip rev:         v3.1[0m
[0;32mI (535) heap_init: Initializing. RAM available for dynamic allocation:[0m
[0;32mI (542) heap_init: At 3FFAE6E0 len 00001920 (6 KiB): DRAM[0m
[0;32mI (548) heap_init: At 3FFBB8D0 len 00024730 (145 KiB): DRAM[0m
[0;32mI (554) heap_init: At 3FFE0440 len 00003AE0 (14 KiB): D/IRAM[0m
[0;32mI (560) heap_init: At 3FFE4350 len 0001BCB0 (111 KiB): D/IRAM[0m
[0;32mI (567) heap_init: At 400966A4 len 0000995C (38 KiB): IRAM[0m
[0;32mI (574) spi_flash: detected chip: generic[0m
[0;32mI (577) spi_flash: flash io: dio[0m
[0;33mW (581) spi_flash: Detected size(4096k) larger than the size in the binary image header(2048k). Using the size in the binary image header.[0m
[0;32mI (595) main_task: Started on CPU0[0m
[0;32mI (605) main_task: Calling app_main()[0m
[0;32mI (635) example_connect: Start example_connect.[0m
I (645) wifi:wifi driver task: 3ffc359c, prio:23, stack:6656, core=0
I (655) wifi:wifi firmware version: a9f5b59
I (655) wifi:wifi certification version: v7.0
I (665) wifi:config NVS flash: enabled
I (665) wifi:config nano formating: disabled
I (665) wifi:Init data frame dynamic rx buffer num: 32
I (665) wifi:Init static rx mgmt buffer num: 5
I (675) wifi:Init management short buffer num: 32
I (675) wifi:Init dynamic tx buffer num: 32
I (685) wifi:Init static rx buffer size: 1600
I (685) wifi:Init static rx buffer num: 10
I (685) wifi:Init dynamic rx buffer num: 32
[0;32mI (695) wifi_init: rx ba win: 6[0m
[0;32mI (695) wifi_init: tcpip mbox: 32[0m
[0;32mI (705) wifi_init: udp mbox: 6[0m
[0;32mI (705) wifi_init: tcp mbox: 6[0m
[0;32mI (705) wifi_init: tcp tx win: 5760[0m
[0;32mI (715) wifi_init: tcp rx win: 5760[0m
[0;32mI (715) wifi_init: tcp mss: 1440[0m
[0;32mI (725) wifi_init: WiFi IRAM OP enabled[0m
[0;32mI (725) wifi_init: WiFi RX IRAM OP enabled[0m
[0;32mI (735) phy_init: phy_version 4791,2c4672b,Dec 20 2023,16:06:06[0m
ets Jul 29 2019 12:21:46

rst:0x1 (POWERON_RESET),boot:0x13 (SPI_FAST_FLASH_BOOT)
configsip: 0, SPIWP:0xee
clk_drv:0x00,q_drv:0x00,d_drv:0x00,cs0_drv:0x00,hd_drv:0x00,wp_drv:0x00
mode:DIO, clock div:2
load:0x3fff0030,len:7172
load:0x40078000,len:15540
load:0x40080400,len:4
ho 8 tail 4 room 4
load:0x40080404,len:3904
entry 0x40080640
[0;32mI (31) boot: ESP-IDF HEAD-HASH-NOTFOUND 2nd stage bootloader[0m
[0;32mI (31) boot: compile time Jun 10 2024 09:10:29[0m
[0;32mI (32) boot: Multicore bootloader[0m
[0;32mI (36) boot: chip revision: v3.1[0m
[0;32mI (40) boot.esp32: SPI Speed      : 40MHz[0m
[0;32mI (45) boot.esp32: SPI Mode       : DIO[0m
[0;32mI (49) boot.esp32: SPI Flash Size : 2MB[0m
[0;32mI (54) boot: Enabling RNG early entropy source...[0m
[0;32mI (59) boot: Partition Table:[0m
[0;32mI (63) boot: ## Label            Usage          Type ST Offset   Length[0m
[0;32mI (70) boot:  0 nvs              WiFi data        01 02 00009000 00006000[0m
[0;32mI (78) boot:  1 phy_init         RF data          01 01 0000f000 00001000[0m
[0;32mI (85) boot:  2 factory          factory app      00 00 00010000 00145000[0m
[0;32mI (93) boot: End of partition table[0m
[0;32mI (97) esp_image: segment 0: paddr=00010020 vaddr=3f400020 size=2cf34h (184116) map[0m
[0;32mI (168) esp_image: segment 1: paddr=0003cf5c vaddr=3ffb0000 size=030bch ( 12476) load[0m
[0;32mI (173) esp_image: segment 2: paddr=00040020 vaddr=400d0020 size=aca04h (707076) map[0m
[0;32mI (416) esp_image: segment 3: paddr=000eca2c vaddr=3ffb30bc size=00e68h (  3688) load[0m
[0;32mI (418) esp_image: segment 4: paddr=000ed89c vaddr=40080000 size=166a4h ( 91812) load[0m
[0;32mI (469) boot: Loaded app from partition at offset 0x10000[0m
[0;32mI (469) boot: Disabling RNG early entropy source...[0m
[0;32mI (481) cpu_start: Multicore app[0m
[0;32mI (490) cpu_start: Pro cpu start user code[0m
[0;32mI (490) cpu_start: cpu freq: 160000000 Hz[0m
[0;32mI (490) cpu_start: Application information:[0m
[0;32mI (493) cpu_start: Project name:     coap_server[0m
[0;32mI (498) cpu_start: App version:      1[0m
[0;32mI (503) cpu_start: Compile time:     Jun 10 2024 10:33:41[0m
[0;32mI (509) cpu_start: ELF file SHA256:  4576134fb...[0m
[0;32mI (514) cpu_start: ESP-IDF:          HEAD-HASH-NOTFOUND[0m
[0;32mI (520) cpu_start: Min chip rev:     v0.0[0m
[0;32mI (525) cpu_start: Max chip rev:     v3.99 [0m
[0;32mI (530) cpu_start: Chip rev:         v3.1[0m
[0;32mI (535) heap_init: Initializing. RAM available for dynamic allocation:[0m
[0;32mI (542) heap_init: At 3FFAE6E0 len 00001920 (6 KiB): DRAM[0m
[0;32mI (548) heap_init: At 3FFBB8D0 len 00024730 (145 KiB): DRAM[0m
[0;32mI (554) heap_init: At 3FFE0440 len 00003AE0 (14 KiB): D/IRAM[0m
[0;32mI (560) heap_init: At 3FFE4350 len 0001BCB0 (111 KiB): D/IRAM[0m
[0;32mI (567) heap_init: At 400966A4 len 0000995C (38 KiB): IRAM[0m
[0;32mI (574) spi_flash: detected chip: generic[0m
[0;32mI (577) spi_flash: flash io: dio[0m
[0;33mW (581) spi_flash: Detected size(4096k) larger than the size in the binary image header(2048k). Using the size in the binary image header.[0m
[0;32mI (595) main_task: Started on CPU0[0m
[0;32mI (605) main_task: Calling app_main()[0m
[0;32mI (635) example_connect: Start example_connect.[0m
I (645) wifi:wifi driver task: 3ffc359c, prio:23, stack:6656, core=0
I (655) wifi:wifi firmware version: a9f5b59
I (655) wifi:wifi certification version: v7.0
I (665) wifi:config NVS flash: enabled
I (665) wifi:config nano formating: disabled
I (665) wifi:Init data frame dynamic rx buffer num: 32
I (665) wifi:Init static rx mgmt buffer num: 5
I (675) wifi:Init management short buffer num: 32
I (675) wifi:Init dynamic tx buffer num: 32
I (685) wifi:Init static rx buffer size: 1600
I (685) wifi:Init static rx buffer num: 10
I (685) wifi:Init dynamic rx buffer num: 32
[0;32mI (695) wifi_init: rx ba win: 6[0m
[0;32mI (695) wifi_init: tcpip mbox: 32[0m
[0;32mI (705) wifi_init: udp mbox: 6[0m
[0;32mI (705) wifi_init: tcp mbox: 6[0m
[0;32mI (705) wifi_init: tcp tx win: 5760[0m
[0;32mI (715) wifi_init: tcp rx win: 5760[0m
[0;32mI (715) wifi_init: tcp mss: 1440[0m
[0;32mI (725) wifi_init: WiFi IRAM OP enabled[0m
[0;32mI (725) wifi_init: WiFi RX IRAM OP enabled[0m
[0;32mI (735) phy_init: phy_version 4791,2c4672b,Dec 20 2023,16:06:06[0m
ets Jul 29 2019 12:21:46

rst:0x1 (POWERON_RESET),boot:0x13 (SPI_FAST_FLASH_BOOT)
configsip: 0, SPIWP:0xee
clk_drv:0x00,q_drv:0x00,d_drv:0x00,cs0_drv:0x00,hd_drv:0x00,wp_drv:0x00
mode:DIO, clock div:2
load:0x3fff0030,len:7172
load:0x40078000,len:15540
load:0x40080400,len:4
ho 8 tail 4 room 4
load:0x40080404,len:3904
entry 0x40080640
[0;32mI (31) boot: ESP-IDF HEAD-HASH-NOTFOUND 2nd stage bootloader[0m
[0;32mI (31) boot: compile time Jun 10 2024 09:10:29[0m
[0;32mI (32) boot: Multicore bootloader[0m
[0;32mI (36) boot: chip revision: v3.1[0m
[0;32mI (40) boot.esp32: SPI Speed      : 40MHz[0m
[0;32mI (45) boot.esp32: SPI Mode       : DIO[0m
[0;32mI (49) boot.esp32: SPI Flash Size : 2MB[0m
[0;32mI (54) boot: Enabling RNG early entropy source...[0m
[0;32mI (59) boot: Partition Table:[0m
[0;32mI (63) boot: ## Label            Usage          Type ST Offset   Length[0m
[0;32mI (70) boot:  0 nvs              WiFi data        01 02 00009000 00006000[0m
[0;32mI (78) boot:  1 phy_init         RF data          01 01 0000f000 00001000[0m
[0;32mI (85) boot:  2 factory          factory app      00 00 00010000 00145000[0m
[0;32mI (93) boot: End of partition table[0m
[0;32mI (97) esp_image: segment 0: paddr=00010020 vaddr=3f400020 size=2cf34h (184116) map[0m
[0;32mI (168) esp_image: segment 1: paddr=0003cf5c vaddr=3ffb0000 size=030bch ( 12476) load[0m
[0;32mI (173) esp_image: segment 2: paddr=00040020 vaddr=400d0020 size=aca04h (707076) map[0m
[0;32mI (416) esp_image: segment 3: paddr=000eca2c vaddr=3ffb30bc size=00e68h (  3688) load[0m
[0;32mI (418) esp_image: segment 4: paddr=000ed89c vaddr=40080000 size=166a4h ( 91812) load[0m
[0;32mI (469) boot: Loaded app from partition at offset 0x10000[0m
[0;32mI (469) boot: Disabling RNG early entropy source...[0m
[0;32mI (481) cpu_start: Multicore app[0m
[0;32mI (490) cpu_start: Pro cpu start user code[0m
[0;32mI (490) cpu_start: cpu freq: 160000000 Hz[0m
[0;32mI (490) cpu_start: Application information:[0m
[0;32mI (493) cpu_start: Project name:     coap_server[0m
[0;32mI (498) cpu_start: App version:      1[0m
[0;32mI (503) cpu_start: Compile time:     Jun 10 2024 10:33:41[0m
[0;32mI (509) cpu_start: ELF file SHA256:  4576134fb...[0m
[0;32mI (514) cpu_start: ESP-IDF:          HEAD-HASH-NOTFOUND[0m
[0;32mI (520) cpu_start: Min chip rev:     v0.0[0m
[0;32mI (525) cpu_start: Max chip rev:     v3.99 [0m
[0;32mI (530) cpu_start: Chip rev:         v3.1[0m
[0;32mI (535) heap_init: Initializing. RAM available for dynamic allocation:[0m
[0;32mI (542) heap_init: At 3FFAE6E0 len 00001920 (6 KiB): DRAM[0m
[0;32mI (548) heap_init: At 3FFBB8D0 len 00024730 (145 KiB): DRAM[0m
[0;32mI (554) heap_init: At 3FFE0440 len 00003AE0 (14 KiB): D/IRAM[0m
[0;32mI (560) heap_init: At 3FFE4350 len 0001BCB0 (111 KiB): D/IRAM[0m
[0;32mI (567) heap_init: At 400966A4 len 0000995C (38 KiB): IRAM[0m
[0;32mI (574) spi_flash: detected chip: generic[0m
[0;32mI (577) spi_flash: flash io: dio[0m
[0;33mW (581) spi_flash: Detected size(4096k) larger than the size in the binary image header(2048k). Using the size in the binary image header.[0m
[0;32mI (595) main_task: Started on CPU0[0m
[0;32mI (605) main_task: Calling app_main()[0m
[0;32mI (635) example_connect: Start example_connect.[0m
I (645) wifi:wifi driver task: 3ffc359c, prio:23, stack:6656, core=0
I (655) wifi:wifi firmware version: a9f5b59
I (655) wifi:wifi certification version: v7.0
I (665) wifi:config NVS flash: enabled
I (665) wifi:config nano formating: disabled
I (665) wifi:Init data frame dynamic rx buffer num: 32
I (665) wifi:Init static rx mgmt buffer num: 5
I (675) wifi:Init management short buffer num: 32
I (675) wifi:Init dynamic tx buffer num: 32
I (685) wifi:Init static rx buffer size: 1600
I (685) wifi:Init static rx buffer num: 10
I (685) wifi:Init dynamic rx buffer num: 32
[0;32mI (695) wifi_init: rx ba win: 6[0m
[0;32mI (695) wifi_init: tcpip mbox: 32[0m
[0;32mI (705) wifi_init: udp mbox: 6[0m
[0;32mI (705) wifi_init: tcp mbox: 6[0m
[0;32mI (705) wifi_init: tcp tx win: 5760[0m
[0;32mI (715) wifi_init: tcp rx win: 5760[0m
[0;32mI (715) wifi_init: tcp mss: 1440[0m
[0;32mI (725) wifi_init: WiFi IRAM OP enabled[0m
[0;32mI (725) wifi_init: WiFi RX IRAM OP enabled[0m
[0;32mI (735) phy_init: phy_version 4791,2c4672b,Dec 20 2023,16:06:06[0m
ets Jul 29 2019 12:21:46

rst:0x1 (POWERON_RESET),boot:0x13 (SPI_FAST_FLASH_BOOT)
configsip: 0, SPIWP:0xee
clk_drv:0x00,q_drv:0x00,d_drv:0x00,cs0_drv:0x00,hd_drv:0x00,wp_drv:0x00
mode:DIO, clock div:2
load:0x3fff0030,len:7172
load:0x40078000,len:15540
load:0x40080400,len:4
ho 8 tail 4 room 4
load:0x40080404,len:3904
entry 0x40080640
[0;32mI (31) boot: ESP-IDF HEAD-HASH-NOTFOUND 2nd stage bootloader[0m
[0;32mI (31) boot: compile time Jun 10 2024 09:10:29[0m
[0;32mI (32) boot: Multicore bootloader[0m
[0;32mI (36) boot: chip revision: v3.1[0m
[0;32mI (40) boot.esp32: SPI Speed      : 40MHz[0m
[0;32mI (45) boot.esp32: SPI Mode       : DIO[0m
[0;32mI (49) boot.esp32: SPI Flash Size : 2MB[0m
[0;32mI (54) boot: Enabling RNG early entropy source...[0m
[0;32mI (59) boot: Partition Table:[0m
[0;32mI (63) boot: ## Label            Usage          Type ST Offset   Length[0m
[0;32mI (70) boot:  0 nvs              WiFi data        01 02 00009000 00006000[0m
[0;32mI (78) boot:  1 phy_init         RF data          01 01 0000f000 00001000[0m
[0;32mI (85) boot:  2 factory          factory app      00 00 00010000 00145000[0m
[0;32mI (93) boot: End of partition table[0m
[0;32mI (97) esp_image: segment 0: paddr=00010020 vaddr=3f400020 size=2cf34h (184116) map[0m
[0;32mI (168) esp_image: segment 1: paddr=0003cf5c vaddr=3ffb0000 size=030bch ( 12476) load[0m
[0;32mI (173) esp_image: segment 2: paddr=00040020 vaddr=400d0020 size=aca04h (707076) map[0m
[0;32mI (416) esp_image: segment 3: paddr=000eca2c vaddr=3ffb30bc size=00e68h (  3688) load[0m
[0;32mI (418) esp_image: segment 4: paddr=000ed89c vaddr=40080000 size=166a4h ( 91812) load[0m
[0;32mI (469) boot: Loaded app from partition at offset 0x10000[0m
[0;32mI (469) boot: Disabling RNG early entropy source...[0m
[0;32mI (481) cpu_start: Multicore app[0m
[0;32mI (490) cpu_start: Pro cpu start user code[0m
[0;32mI (490) cpu_start: cpu freq: 160000000 Hz[0m
[0;32mI (490) cpu_start: Application information:[0m
[0;32mI (493) cpu_start: Project name:     coap_server[0m
[0;32mI (498) cpu_start: App version:      1[0m
[0;32mI (503) cpu_start: Compile time:     Jun 10 2024 10:33:41[0m
[0;32mI (509) cpu_start: ELF file SHA256:  4576134fb...[0m
[0;32mI (514) cpu_start: ESP-IDF:          HEAD-HASH-NOTFOUND[0m
[0;32mI (520) cpu_start: Min chip rev:     v0.0[0m
[0;32mI (525) cpu_start: Max chip rev:     v3.99 [0m
[0;32mI (530) cpu_start: Chip rev:         v3.1[0m
[0;32mI (535) heap_init: Initializing. RAM available for dynamic allocation:[0m
[0;32mI (542) heap_init: At 3FFAE6E0 len 00001920 (6 KiB): DRAM[0m
[0;32mI (548) heap_init: At 3FFBB8D0 len 00024730 (145 KiB): DRAM[0m
[0;32mI (554) heap_init: At 3FFE0440 len 00003AE0 (14 KiB): D/IRAM[0m
[0;32mI (560) heap_init: At 3FFE4350 len 0001BCB0 (111 KiB): D/IRAM[0m
[0;32mI (567) heap_init: At 400966A4 len 0000995C (38 KiB): IRAM[0m
[0;32mI (574) spi_flash: detected chip: generic[0m
[0;32mI (577) spi_flash: flash io: dio[0m
[0;33mW (581) spi_flash: Detected size(4096k) larger than the size in the binary image header(2048k). Using the size in the binary image header.[0m
[0;32mI (595) main_task: Started on CPU0[0m
[0;32mI (605) main_task: Calling app_main()[0m
[0;32mI (635) example_connect: Start example_connect.[0m
I (645) wifi:wifi driver task: 3ffc359c, prio:23, stack:6656, core=0
I (655) wifi:wifi firmware version: a9f5b59
I (655) wifi:wifi certification version: v7.0
I (665) wifi:config NVS flash: enabled
I (665) wifi:config nano formating: disabled
I (665) wifi:Init data frame dynamic rx buffer num: 32
I (665) wifi:Init static rx mgmt buffer num: 5
I (675) wifi:Init management short buffer num: 32
I (675) wifi:Init dynamic tx buffer num: 32
I (685) wifi:Init static rx buffer size: 1600
I (685) wifi:Init static rx buffer num: 10
I (685) wifi:Init dynamic rx buffer num: 32
[0;32mI (695) wifi_init: rx ba win: 6[0m
[0;32mI (695) wifi_init: tcpip mbox: 32[0m
[0;32mI (705) wifi_init: udp mbox: 6[0m
[0;32mI (705) wifi_init: tcp mbox: 6[0m
[0;32mI (705) wifi_init: tcp tx win: 5760[0m
[0;32mI (715) wifi_init: tcp rx win: 5760[0m
[0;32mI (715) wifi_init: tcp mss: 1440[0m
[0;32mI (725) wifi_init: WiFi IRAM OP enabled[0m
[0;32mI (725) wifi_init: WiFi RX IRAM OP enabled[0m
[0;32mI (735) phy_init: phy_version 4791,2c4672b,Dec 20 2023,16:06:06[0m
ets Jul 29 2019 12:21:46

rst:0x1 (POWERON_RESET),boot:0x13 (SPI_FAST_FLASH_BOOT)
configsip: 0, SPIWP:0xee
clk_drv:0x00,q_drv:0x00,d_drv:0x00,cs0_drv:0x00,hd_drv:0x00,wp_drv:0x00
mode:DIO, clock div:2
load:0x3fff0030,len:7172
load:0x40078000,len:15540
load:0x40080400,len:4
ho 8 tail 4 room 4
load:0x40080404,len:3904
entry 0x40080640
[0;32mI (31) boot: ESP-IDF HEAD-HASH-NOTFOUND 2nd stage bootloader[0m
[0;32mI (31) boot: compile time Jun 10 2024 09:10:29[0m
[0;32mI (32) boot: Multicore bootloader[0m
[0;32mI (36) boot: chip revision: v3.1[0m
[0;32mI (40) boot.esp32: SPI Speed      : 40MHz[0m
[0;32mI (45) boot.esp32: SPI Mode       : DIO[0m
[0;32mI (49) boot.esp32: SPI Flash Size : 2MB[0m
[0;32mI (54) boot: Enabling RNG early entropy source...[0m
[0;32mI (59) boot: Partition Table:[0m
[0;32mI (63) boot: ## Label            Usage          Type ST Offset   Length[0m
[0;32mI (70) boot:  0 nvs              WiFi data        01 02 00009000 00006000[0m
[0;32mI (78) boot:  1 phy_init         RF data          01 01 0000f000 00001000[0m
[0;32mI (85) boot:  2 factory          factory app      00 00 00010000 00145000[0m
[0;32mI (93) boot: End of partition table[0m
[0;32mI (97) esp_image: segment 0: paddr=00010020 vaddr=3f400020 size=2cf34h (184116) map[0m
[0;32mI (168) esp_image: segment 1: paddr=0003cf5c vaddr=3ffb0000 size=030bch ( 12476) load[0m
[0;32mI (173) esp_image: segment 2: paddr=00040020 vaddr=400d0020 size=aca04h (707076) map[0m
[0;32mI (416) esp_image: segment 3: paddr=000eca2c vaddr=3ffb30bc size=00e68h (  3688) load[0m
[0;32mI (418) esp_image: segment 4: paddr=000ed89c vaddr=40080000 size=166a4h ( 91812) load[0m
[0;32mI (469) boot: Loaded app from partition at offset 0x10000[0m
[0;32mI (469) boot: Disabling RNG early entropy source...[0m
[0;32mI (481) cpu_start: Multicore app[0m
[0;32mI (490) cpu_start: Pro cpu start user code[0m
[0;32mI (490) cpu_start: cpu freq: 160000000 Hz[0m
[0;32mI (490) cpu_start: Application information:[0m
[0;32mI (493) cpu_start: Project name:     coap_server[0m
[0;32mI (498) cpu_start: App version:      1[0m
[0;32mI (503) cpu_start: Compile time:     Jun 10 2024 10:33:41[0m
[0;32mI (509) cpu_start: ELF file SHA256:  4576134fb...[0m
[0;32mI (514) cpu_start: ESP-IDF:          HEAD-HASH-NOTFOUND[0m
[0;32mI (520) cpu_start: Min chip rev:     v0.0[0m
[0;32mI (525) cpu_start: Max chip rev:     v3.99 [0m
[0;32mI (530) cpu_start: Chip rev:         v3.1[0m
[0;32mI (535) heap_init: Initializing. RAM available for dynamic allocation:[0m
[0;32mI (542) heap_init: At 3FFAE6E0 len 00001920 (6 KiB): DRAM[0m
[0;32mI (548) heap_init: At 3FFBB8D0 len 00024730 (145 KiB): DRAM[0m
[0;32mI (554) heap_init: At 3FFE0440 len 00003AE0 (14 KiB): D/IRAM[0m
[0;32mI (560) heap_init: At 3FFE4350 len 0001BCB0 (111 KiB): D/IRAM[0m
[0;32mI (567) heap_init: At 400966A4 len 0000995C (38 KiB): IRAM[0m
[0;32mI (574) spi_flash: detected chip: generic[0m
[0;32mI (577) spi_flash: flash io: dio[0m
[0;33mW (581) spi_flash: Detected size(4096k) larger than the size in the binary image header(2048k). Using the size in the binary image header.[0m
[0;32mI (595) main_task: Started on CPU0[0m
[0;32mI (605) main_task: Calling app_main()[0m
[0;32mI (635) example_connect: Start example_connect.[0m
I (645) wifi:wifi driver task: 3ffc359c, prio:23, stack:6656, core=0
I (655) wifi:wifi firmware version: a9f5b59
I (655) wifi:wifi certification version: v7.0
I (665) wifi:config NVS flash: enabled
I (665) wifi:config nano formating: disabled
I (665) wifi:Init data frame dynamic rx buffer num: 32
I (665) wifi:Init static rx mgmt buffer num: 5
I (675) wifi:Init management short buffer num: 32
I (675) wifi:Init dynamic tx buffer num: 32
I (685) wifi:Init static rx buffer size: 1600
I (685) wifi:Init static rx buffer num: 10
I (685) wifi:Init dynamic rx buffer num: 32
[0;32mI (695) wifi_init: rx ba win: 6[0m
[0;32mI (695) wifi_init: tcpip mbox: 32[0m
[0;32mI (705) wifi_init: udp mbox: 6[0m
[0;32mI (705) wifi_init: tcp mbox: 6[0m
[0;32mI (705) wifi_init: tcp tx win: 5760[0m
[0;32mI (715) wifi_init: tcp rx win: 5760[0m
[0;32mI (715) wifi_init: tcp mss: 1440[0m
[0;32mI (725) wifi_init: WiFi IRAM OP enabled[0m
[0;32mI (725) wifi_init: WiFi RX IRAM OP enabled[0m
[0;32mI (735) phy_init: phy_version 4791,2c4672b,Dec 20 2023,16:06:06[0m
ets Jul 29 2019 12:21:46

rst:0x1 (POWERON_RESET),boot:0x13 (SPI_FAST_FLASH_BOOT)
configsip: 0, SPIWP:0xee
clk_drv:0x00,q_drv:0x00,d_drv:0x00,cs0_drv:0x00,hd_drv:0x00,wp_drv:0x00
mode:DIO, clock div:2
load:0x3fff0030,len:7172
load:0x40078000,len:15540
load:0x40080400,len:4
ho 8 tail 4 room 4
load:0x40080404,len:3904
entry 0x40080640
[0;32mI (31) boot: ESP-IDF HEAD-HASH-NOTFOUND 2nd stage bootloader[0m
[0;32mI (31) boot: compile time Jun 10 2024 09:10:29[0m
[0;32mI (32) boot: Multicore bootloader[0m
[0;32mI (36) boot: chip revision: v3.1[0m
[0;32mI (40) boot.esp32: SPI Speed      : 40MHz[0m
[0;32mI (45) boot.esp32: SPI Mode       : DIO[0m
[0;32mI (49) boot.esp32: SPI Flash Size : 2MB[0m
[0;32mI (54) boot: Enabling RNG early entropy source...[0m
[0;32mI (59) boot: Partition Table:[0m
[0;32mI (63) boot: ## Label            Usage          Type ST Offset   Length[0m
[0;32mI (70) boot:  0 nvs              WiFi data        01 02 00009000 00006000[0m
[0;32mI (78) boot:  1 phy_init         RF data          01 01 0000f000 00001000[0m
[0;32mI (85) boot:  2 factory          factory app      00 00 00010000 00145000[0m
[0;32mI (93) boot: End of partition table[0m
[0;32mI (97) esp_image: segment 0: paddr=00010020 vaddr=3f400020 size=2cf34h (184116) map[0m
[0;32mI (168) esp_image: segment 1: paddr=0003cf5c vaddr=3ffb0000 size=030bch ( 12476) load[0m
[0;32mI (173) esp_image: segment 2: paddr=00040020 vaddr=400d0020 size=aca04h (707076) map[0m
[0;32mI (416) esp_image: segment 3: paddr=000eca2c vaddr=3ffb30bc size=00e68h (  3688) load[0m
[0;32mI (418) esp_image: segment 4: paddr=000ed89c vaddr=40080000 size=166a4h ( 91812) load[0m
[0;32mI (469) boot: Loaded app from partition at offset 0x10000[0m
[0;32mI (469) boot: Disabling RNG early entropy source...[0m
[0;32mI (481) cpu_start: Multicore app[0m
[0;32mI (490) cpu_start: Pro cpu start user code[0m
[0;32mI (490) cpu_start: cpu freq: 160000000 Hz[0m
[0;32mI (490) cpu_start: Application information:[0m
[0;32mI (493) cpu_start: Project name:     coap_server[0m
[0;32mI (498) cpu_start: App version:      1[0m
[0;32mI (503) cpu_start: Compile time:     Jun 10 2024 10:33:41[0m
[0;32mI (509) cpu_start: ELF file SHA256:  4576134fb...[0m
[0;32mI (514) cpu_start: ESP-IDF:          HEAD-HASH-NOTFOUND[0m
[0;32mI (520) cpu_start: Min chip rev:     v0.0[0m
[0;32mI (525) cpu_start: Max chip rev:     v3.99 [0m
[0;32mI (530) cpu_start: Chip rev:         v3.1[0m
[0;32mI (535) heap_init: Initializing. RAM available for dynamic allocation:[0m
[0;32mI (542) heap_init: At 3FFAE6E0 len 00001920 (6 KiB): DRAM[0m
[0;32mI (548) heap_init: At 3FFBB8D0 len 00024730 (145 KiB): DRAM[0m
[0;32mI (554) heap_init: At 3FFE0440 len 00003AE0 (14 KiB): D/IRAM[0m
[0;32mI (560) heap_init: At 3FFE4350 len 0001BCB0 (111 KiB): D/IRAM[0m
[0;32mI (567) heap_init: At 400966A4 len 0000995C (38 KiB): IRAM[0m
[0;32mI (574) spi_flash: detected chip: generic[0m
[0;32mI (577) spi_flash: flash io: dio[0m
[0;33mW (581) spi_flash: Detected size(4096k) larger than the size in the binary image header(2048k). Using the size in the binary image header.[0m
[0;32mI (595) main_task: Started on CPU0[0m
[0;32mI (605) main_task: Calling app_main()[0m
[0;32mI (635) example_connect: Start example_connect.[0m
I (645) wifi:wifi driver task: 3ffc359c, prio:23, stack:6656, core=0
I (655) wifi:wifi firmware version: a9f5b59
I (655) wifi:wifi certification version: v7.0
I (665) wifi:config NVS flash: enabled
I (665) wifi:config nano formating: disabled
I (665) wifi:Init data frame dynamic rx buffer num: 32
I (665) wifi:Init static rx mgmt buffer num: 5
I (675) wifi:Init management short buffer num: 32
I (675) wifi:Init dynamic tx buffer num: 32
I (685) wifi:Init static rx buffer size: 1600
I (685) wifi:Init static rx buffer num: 10
I (685) wifi:Init dynamic rx buffer num: 32
[0;32mI (695) wifi_init: rx ba win: 6[0m
[0;32mI (695) wifi_init: tcpip mbox: 32[0m
[0;32mI (705) wifi_init: udp mbox: 6[0m
[0;32mI (705) wifi_init: tcp mbox: 6[0m
[0;32mI (705) wifi_init: tcp tx win: 5760[0m
[0;32mI (715) wifi_init: tcp rx win: 5760[0m
[0;32mI (715) wifi_init: tcp mss: 1440[0m
[0;32mI (725) wifi_init: WiFi IRAM OP enabled[0m
[0;32mI (725) wifi_init: WiFi RX IRAM OP enabled[0m
[0;32mI (735) phy_init: phy_version 4791,2c4672b,Dec 20 2023,16:06:06[0m
ets Jul 29 2019 12:21:46

rst:0x1 (POWERON_RESET),boot:0x13 (SPI_FAST_FLASH_BOOT)
configsip: 0, SPIWP:0xee
clk_drv:0x00,q_drv:0x00,d_drv:0x00,cs0_drv:0x00,hd_drv:0x00,wp_drv:0x00
mode:DIO, clock div:2
load:0x3fff0030,len:7172
load:0x40078000,len:15540
load:0x40080400,len:4
ho 8 tail 4 room 4
load:0x40080404,len:3904
entry 0x40080640
[0;32mI (31) boot: ESP-IDF HEAD-HASH-NOTFOUND 2nd stage bootloader[0m
[0;32mI (31) boot: compile time Jun 10 2024 09:10:29[0m
[0;32mI (32) boot: Multicore bootloader[0m
[0;32mI (36) boot: chip revision: v3.1[0m
[0;32mI (40) boot.esp32: SPI Speed      : 40MHz[0m
[0;32mI (45) boot.esp32: SPI Mode       : DIO[0m
[0;32mI (49) boot.esp32: SPI Flash Size : 2MB[0m
[0;32mI (54) boot: Enabling RNG early entropy source...[0m
[0;32mI (59) boot: Partition Table:[0m
[0;32mI (63) boot: ## Label            Usage          Type ST Offset   Length[0m
[0;32mI (70) boot:  0 nvs              WiFi data        01 02 00009000 00006000[0m
[0;32mI (78) boot:  1 phy_init         RF data          01 01 0000f000 00001000[0m
[0;32mI (85) boot:  2 factory          factory app      00 00 00010000 00145000[0m
[0;32mI (93) boot: End of partition table[0m
[0;32mI (97) esp_image: segment 0: paddr=00010020 vaddr=3f400020 size=2cf34h (184116) map[0m
[0;32mI (168) esp_image: segment 1: paddr=0003cf5c vaddr=3ffb0000 size=030bch ( 12476) load[0m
[0;32mI (173) esp_image: segment 2: paddr=00040020 vaddr=400d0020 size=aca04h (707076) map[0m
[0;32mI (416) esp_image: segment 3: paddr=000eca2c vaddr=3ffb30bc size=00e68h (  3688) load[0m
[0;32mI (418) esp_image: segment 4: paddr=000ed89c vaddr=40080000 size=166a4h ( 91812) load[0m
[0;32mI (469) boot: Loaded app from partition at offset 0x10000[0m
[0;32mI (469) boot: Disabling RNG early entropy source...[0m
[0;32mI (481) cpu_start: Multicore app[0m
[0;32mI (490) cpu_start: Pro cpu start user code[0m
[0;32mI (490) cpu_start: cpu freq: 160000000 Hz[0m
[0;32mI (490) cpu_start: Application information:[0m
[0;32mI (493) cpu_start: Project name:     coap_server[0m
[0;32mI (498) cpu_start: App version:      1[0m
[0;32mI (503) cpu_start: Compile time:     Jun 10 2024 10:33:41[0m
[0;32mI (509) cpu_start: ELF file SHA256:  4576134fb...[0m
[0;32mI (514) cpu_start: ESP-IDF:          HEAD-HASH-NOTFOUND[0m
[0;32mI (520) cpu_start: Min chip rev:     v0.0[0m
[0;32mI (525) cpu_start: Max chip rev:     v3.99 [0m
[0;32mI (530) cpu_start: Chip rev:         v3.1[0m
[0;32mI (535) heap_init: Initializing. RAM available for dynamic allocation:[0m
[0;32mI (542) heap_init: At 3FFAE6E0 len 00001920 (6 KiB): DRAM[0m
[0;32mI (548) heap_init: At 3FFBB8D0 len 00024730 (145 KiB): DRAM[0m
[0;32mI (554) heap_init: At 3FFE0440 len 00003AE0 (14 KiB): D/IRAM[0m
[0;32mI (560) heap_init: At 3FFE4350 len 0001BCB0 (111 KiB): D/IRAM[0m
[0;32mI (567) heap_init: At 400966A4 len 0000995C (38 KiB): IRAM[0m
[0;32mI (574) spi_flash: detected chip: generic[0m
[0;32mI (577) spi_flash: flash io: dio[0m
[0;33mW (581) spi_flash: Detected size(4096k) larger than the size in the binary image header(2048k). Using the size in the binary image header.[0m
[0;32mI (595) main_task: Started on CPU0[0m
[0;32mI (605) main_task: Calling app_main()[0m
[0;32mI (635) example_connect: Start example_connect.[0m
I (645) wifi:wifi driver task: 3ffc359c, prio:23, stack:6656, core=0
I (655) wifi:wifi firmware version: a9f5b59
I (655) wifi:wifi certification version: v7.0
I (665) wifi:config NVS flash: enabled
I (665) wifi:config nano formating: disabled
I (665) wifi:Init data frame dynamic rx buffer num: 32
I (665) wifi:Init static rx mgmt buffer num: 5
I (675) wifi:Init management short buffer num: 32
I (675) wifi:Init dynamic tx buffer num: 32
I (685) wifi:Init static rx buffer size: 1600
I (685) wifi:Init static rx buffer num: 10
I (685) wifi:Init dynamic rx buffer num: 32
[0;32mI (695) wifi_init: rx ba win: 6[0m
[0;32mI (695) wifi_init: tcpip mbox: 32[0m
[0;32mI (705) wifi_init: udp mbox: 6[0m
[0;32mI (705) wifi_init: tcp mbox: 6[0m
[0;32mI (705) wifi_init: tcp tx win: 5760[0m
[0;32mI (715) wifi_init: tcp rx win: 5760[0m
[0;32mI (715) wifi_init: tcp mss: 1440[0m
[0;32mI (725) wifi_init: WiFi IRAM OP enabled[0m
[0;32mI (725) wifi_init: WiFi RX IRAM OP enabled[0m
[0;32mI (735) phy_init: phy_version 4791,2c4672b,Dec 20 2023,16:06:06[0m
ets Jul 29 2019 12:21:46

rst:0x1 (POWERON_RESET),boot:0x13 (SPI_FAST_FLASH_BOOT)
configsip: 0, SPIWP:0xee
clk_drv:0x00,q_drv:0x00,d_drv:0x00,cs0_drv:0x00,hd_drv:0x00,wp_drv:0x00
mode:DIO, clock div:2
load:0x3fff0030,len:7172
load:0x40078000,len:15540
load:0x40080400,len:4
ho 8 tail 4 room 4
load:0x40080404,len:3904
entry 0x40080640
[0;32mI (31) boot: ESP-IDF HEAD-HASH-NOTFOUND 2nd stage bootloader[0m
[0;32mI (31) boot: compile time Jun 10 2024 09:10:29[0m
[0;32mI (32) boot: Multicore bootloader[0m
[0;32mI (36) boot: chip revision: v3.1[0m
[0;32mI (40) boot.esp32: SPI Speed      : 40MHz[0m
[0;32mI (45) boot.esp32: SPI Mode       : DIO[0m
[0;32mI (49) boot.esp32: SPI Flash Size : 2MB[0m
[0;32mI (54) boot: Enabling RNG early entropy source...[0m
[0;32mI (59) boot: Partition Table:[0m
[0;32mI (63) boot: ## Label            Usage          Type ST Offset   Length[0m
[0;32mI (70) boot:  0 nvs              WiFi data        01 02 00009000 00006000[0m
[0;32mI (78) boot:  1 phy_init         RF data          01 01 0000f000 00001000[0m
[0;32mI (85) boot:  2 factory          factory app      00 00 00010000 00145000[0m
[0;32mI (93) boot: End of partition table[0m
[0;32mI (97) esp_image: segment 0: paddr=00010020 vaddr=3f400020 size=2cf34h (184116) map[0m
[0;32mI (168) esp_image: segment 1: paddr=0003cf5c vaddr=3ffb0000 size=030bch ( 12476) load[0m
[0;32mI (173) esp_image: segment 2: paddr=00040020 vaddr=400d0020 size=aca04h (707076) map[0m
[0;32mI (416) esp_image: segment 3: paddr=000eca2c vaddr=3ffb30bc size=00e68h (  3688) load[0m
[0;32mI (418) esp_image: segment 4: paddr=000ed89c vaddr=40080000 size=166a4h ( 91812) load[0m
[0;32mI (469) boot: Loaded app from partition at offset 0x10000[0m
[0;32mI (469) boot: Disabling RNG early entropy source...[0m
[0;32mI (481) cpu_start: Multicore app[0m
[0;32mI (490) cpu_start: Pro cpu start user code[0m
[0;32mI (490) cpu_start: cpu freq: 160000000 Hz[0m
[0;32mI (490) cpu_start: Application information:[0m
[0;32mI (493) cpu_start: Project name:     coap_server[0m
[0;32mI (498) cpu_start: App version:      1[0m
[0;32mI (503) cpu_start: Compile time:     Jun 10 2024 10:33:41[0m
[0;32mI (509) cpu_start: ELF file SHA256:  4576134fb...[0m
[0;32mI (514) cpu_start: ESP-IDF:          HEAD-HASH-NOTFOUND[0m
[0;32mI (520) cpu_start: Min chip rev:     v0.0[0m
[0;32mI (525) cpu_start: Max chip rev:     v3.99 [0m
[0;32mI (530) cpu_start: Chip rev:         v3.1[0m
[0;32mI (535) heap_init: Initializing. RAM available for dynamic allocation:[0m
[0;32mI (542) heap_init: At 3FFAE6E0 len 00001920 (6 KiB): DRAM[0m
[0;32mI (548) heap_init: At 3FFBB8D0 len 00024730 (145 KiB): DRAM[0m
[0;32mI (554) heap_init: At 3FFE0440 len 00003AE0 (14 KiB): D/IRAM[0m
[0;32mI (560) heap_init: At 3FFE4350 len 0001BCB0 (111 KiB): D/IRAM[0m
[0;32mI (567) heap_init: At 400966A4 len 0000995C (38 KiB): IRAM[0m
[0;32mI (574) spi_flash: detected chip: generic[0m
[0;32mI (577) spi_flash: flash io: dio[0m
[0;33mW (581) spi_flash: Detected size(4096k) larger than the size in the binary image header(2048k). Using the size in the binary image header.[0m
[0;32mI (595) main_task: Started on CPU0[0m
[0;32mI (605) main_task: Calling app_main()[0m
[0;32mI (635) example_connect: Start example_connect.[0m
I (645) wifi:wifi driver task: 3ffc359c, prio:23, stack:6656, core=0
I (655) wifi:wifi firmware version: a9f5b59
I (655) wifi:wifi certification version: v7.0
I (665) wifi:config NVS flash: enabled
I (665) wifi:config nano formating: disabled
I (665) wifi:Init data frame dynamic rx buffer num: 32
I (665) wifi:Init static rx mgmt buffer num: 5
I (675) wifi:Init management short buffer num: 32
I (675) wifi:Init dynamic tx buffer num: 32
I (685) wifi:Init static rx buffer size: 1600
I (685) wifi:Init static rx buffer num: 10
I (685) wifi:Init dynamic rx buffer num: 32
[0;32mI (695) wifi_init: rx ba win: 6[0m
[0;32mI (695) wifi_init: tcpip mbox: 32[0m
[0;32mI (705) wifi_init: udp mbox: 6[0m
[0;32mI (705) wifi_init: tcp mbox: 6[0m
[0;32mI (705) wifi_init: tcp tx win: 5760[0m
[0;32mI (715) wifi_init: tcp rx win: 5760[0m
[0;32mI (715) wifi_init: tcp mss: 1440[0m
[0;32mI (725) wifi_init: WiFi IRAM OP enabled[0m
[0;32mI (725) wifi_init: WiFi RX IRAM OP enabled[0m
[0;32mI (735) phy_init: phy_version 4791,2c4672b,Dec 20 2023,16:06:06[0m
I (825) wifi:mode : sta (48:e7:29:af:75:dc)
I (825) wifi:enable tsf
[0;32mI (825) example_connect: Connecting to P301...[0m
[0;32mI (835) example_connect: Waiting for IP(s)[0m
ets Jul 29 2019 12:21:46

rst:0x1 (POWERON_RESET),boot:0x13 (SPI_FAST_FLASH_BOOT)
configsip: 0, SPIWP:0xee
clk_drv:0x00,q_drv:0x00,d_drv:0x00,cs0_drv:0x00,hd_drv:0x00,wp_drv:0x00
mode:DIO, clock div:2
load:0x3fff0030,len:7172
load:0x40078000,len:15540
load:0x40080400,len:4
ho 8 tail 4 room 4
load:0x40080404,len:3904
entry 0x40080640
[0;32mI (31) boot: ESP-IDF HEAD-HASH-NOTFOUND 2nd stage bootloader[0m
[0;32mI (31) boot: compile time Jun 10 2024 09:10:29[0m
[0;32mI (32) boot: Multicore bootloader[0m
[0;32mI (36) boot: chip revision: v3.1[0m
[0;32mI (40) boot.esp32: SPI Speed      : 40MHz[0m
[0;32mI (45) boot.esp32: SPI Mode       : DIO[0m
[0;32mI (49) boot.esp32: SPI Flash Size : 2MB[0m
[0;32mI (54) boot: Enabling RNG early entropy source...[0m
[0;32mI (59) boot: Partition Table:[0m
[0;32mI (63) boot: ## Label            Usage          Type ST Offset   Length[0m
[0;32mI (70) boot:  0 nvs              WiFi data        01 02 00009000 00006000[0m
[0;32mI (78) boot:  1 phy_init         RF data          01 01 0000f000 00001000[0m
[0;32mI (85) boot:  2 factory          factory app      00 00 00010000 00145000[0m
[0;32mI (93) boot: End of partition table[0m
[0;32mI (97) esp_image: segment 0: paddr=00010020 vaddr=3f400020 size=2cf34h (184116) map[0m
[0;32mI (168) esp_image: segment 1: paddr=0003cf5c vaddr=3ffb0000 size=030bch ( 12476) load[0m
[0;32mI (173) esp_image: segment 2: paddr=00040020 vaddr=400d0020 size=aca04h (707076) map[0m
[0;32mI (416) esp_image: segment 3: paddr=000eca2c vaddr=3ffb30bc size=00e68h (  3688) load[0m
[0;32mI (418) esp_image: segment 4: paddr=000ed89c vaddr=40080000 size=166a4h ( 91812) load[0m
[0;32mI (469) boot: Loaded app from partition at offset 0x10000[0m
[0;32mI (469) boot: Disabling RNG early entropy source...[0m
[0;32mI (481) cpu_start: Multicore app[0m
[0;32mI (490) cpu_start: Pro cpu start user code[0m
[0;32mI (490) cpu_start: cpu freq: 160000000 Hz[0m
[0;32mI (490) cpu_start: Application information:[0m
[0;32mI (493) cpu_start: Project name:     coap_server[0m
[0;32mI (498) cpu_start: App version:      1[0m
[0;32mI (503) cpu_start: Compile time:     Jun 10 2024 10:33:41[0m
[0;32mI (509) cpu_start: ELF file SHA256:  4576134fb...[0m
[0;32mI (514) cpu_start: ESP-IDF:          HEAD-HASH-NOTFOUND[0m
[0;32mI (520) cpu_start: Min chip rev:     v0.0[0m
[0;32mI (525) cpu_start: Max chip rev:     v3.99 [0m
[0;32mI (530) cpu_start: Chip rev:         v3.1[0m
[0;32mI (535) heap_init: Initializing. RAM available for dynamic allocation:[0m
[0;32mI (542) heap_init: At 3FFAE6E0 len 00001920 (6 KiB): DRAM[0m
[0;32mI (548) heap_init: At 3FFBB8D0 len 00024730 (145 KiB): DRAM[0m
[0;32mI (554) heap_init: At 3FFE0440 len 00003AE0 (14 KiB): D/IRAM[0m
[0;32mI (560) heap_init: At 3FFE4350 len 0001BCB0 (111 KiB): D/IRAM[0m
[0;32mI (567) heap_init: At 400966A4 len 0000995C (38 KiB): IRAM[0m
[0;32mI (574) spi_flash: detected chip: generic[0m
[0;32mI (577) spi_flash: flash io: dio[0m
[0;33mW (581) spi_flash: Detected size(4096k) larger than the size in the binary image header(2048k). Using the size in the binary image header.[0m
[0;32mI (595) main_task: Started on CPU0[0m
[0;32mI (605) main_task: Calling app_main()[0m
[0;32mI (635) example_connect: Start example_connect.[0m
I (645) wifi:wifi driver task: 3ffc359c, prio:23, stack:6656, core=0
I (655) wifi:wifi firmware version: a9f5b59
I (655) wifi:wifi certification version: v7.0
I (665) wifi:config NVS flash: enabled
I (665) wifi:config nano formating: disabled
I (665) wifi:Init data frame dynamic rx buffer num: 32
I (665) wifi:Init static rx mgmt buffer num: 5
I (675) wifi:Init management short buffer num: 32
I (675) wifi:Init dynamic tx buffer num: 32
I (685) wifi:Init static rx buffer size: 1600
I (685) wifi:Init static rx buffer num: 10
I (685) wifi:Init dynamic rx buffer num: 32
[0;32mI (695) wifi_init: rx ba win: 6[0m
[0;32mI (695) wifi_init: tcpip mbox: 32[0m
[0;32mI (705) wifi_init: udp mbox: 6[0m
[0;32mI (705) wifi_init: tcp mbox: 6[0m
[0;32mI (705) wifi_init: tcp tx win: 5760[0m
[0;32mI (715) wifi_init: tcp rx win: 5760[0m
[0;32mI (715) wifi_init: tcp mss: 1440[0m
[0;32mI (725) wifi_init: WiFi IRAM OP enabled[0m
[0;32mI (725) wifi_init: WiFi RX IRAM OP enabled[0m
[0;32mI (735) phy_init: phy_version 4791,2c4672b,Dec 20 2023,16:06:06[0m
ets Jul 29 2019 12:21:46

rst:0x1 (POWERON_RESET),boot:0x13 (SPI_FAST_FLASH_BOOT)
configsip: 0, SPIWP:0xee
clk_drv:0x00,q_drv:0x00,d_drv:0x00,cs0_drv:0x00,hd_drv:0x00,wp_drv:0x00
mode:DIO, clock div:2
load:0x3fff0030,len:7172
load:0x40078000,len:15540
load:0x40080400,len:4
ho 8 tail 4 room 4
load:0x40080404,len:3904
entry 0x40080640
[0;32mI (31) boot: ESP-IDF HEAD-HASH-NOTFOUND 2nd stage bootloader[0m
[0;32mI (31) boot: compile time Jun 10 2024 09:10:29[0m
[0;32mI (32) boot: Multicore bootloader[0m
[0;32mI (36) boot: chip revision: v3.1[0m
[0;32mI (40) boot.esp32: SPI Speed      : 40MHz[0m
[0;32mI (45) boot.esp32: SPI Mode       : DIO[0m
[0;32mI (49) boot.esp32: SPI Flash Size : 2MB[0m
[0;32mI (54) boot: Enabling RNG early entropy source...[0m
[0;32mI (59) boot: Partition Table:[0m
[0;32mI (63) boot: ## Label            Usage          Type ST Offset   Length[0m
[0;32mI (70) boot:  0 nvs              WiFi data        01 02 00009000 00006000[0m
[0;32mI (78) boot:  1 phy_init         RF data          01 01 0000f000 00001000[0m
[0;32mI (85) boot:  2 factory          factory app      00 00 00010000 00145000[0m
[0;32mI (93) boot: End of partition table[0m
[0;32mI (97) esp_image: segment 0: paddr=00010020 vaddr=3f400020 size=2cf34h (184116) map[0m
[0;32mI (168) esp_image: segment 1: paddr=0003cf5c vaddr=3ffb0000 size=030bch ( 12476) load[0m
[0;32mI (173) esp_image: segment 2: paddr=00040020 vaddr=400d0020 size=aca04h (707076) map[0m
[0;32mI (416) esp_image: segment 3: paddr=000eca2c vaddr=3ffb30bc size=00e68h (  3688) load[0m
[0;32mI (418) esp_image: segment 4: paddr=000ed89c vaddr=40080000 size=166a4h ( 91812) load[0m
[0;32mI (469) boot: Loaded app from partition at offset 0x10000[0m
[0;32mI (469) boot: Disabling RNG early entropy source...[0m
[0;32mI (481) cpu_start: Multicore app[0m
[0;32mI (490) cpu_start: Pro cpu start user code[0m
[0;32mI (490) cpu_start: cpu freq: 160000000 Hz[0m
[0;32mI (490) cpu_start: Application information:[0m
[0;32mI (493) cpu_start: Project name:     coap_server[0m
[0;32mI (498) cpu_start: App version:      1[0m
[0;32mI (503) cpu_start: Compile time:     Jun 10 2024 10:33:41[0m
